[1/1350] OK C1_2_5__S2_peak_dirty__ILS_MS__seed11
[2/1350] OK C1_2_5__S2_peak_dirty__ILS_MS__seed12
[3/1350] OK C1_2_5__S2_peak_dirty__ILS_MS__seed13
[4/1350] OK C1_2_5__S2_peak_dirty__ILS_MS__seed14
[5/1350] OK C1_2_5__S2_peak_dirty__ILS_MS__seed15
[6/1350] OK C1_2_5__S2_peak_dirty__ILS_MS__seed16
[7/1350] OK C1_2_5__S2_peak_dirty__ILS_MS__seed17
[8/1350] OK C1_2_5__S2_peak_dirty__ILS_MS__seed18
[9/1350] OK C1_2_5__S2_peak_dirty__ILS_MS__seed19
[10/1350] OK C1_2_5__S2_peak_dirty__ILS_MS__seed20
[11/1350] OK C1_2_5__S3_mixed_fleet_arc__ILS_MS__seed01
[12/1350] OK C1_2_5__S3_mixed_fleet_arc__ILS_MS__seed02
[13/1350] OK C1_2_5__S3_mixed_fleet_arc__ILS_MS__seed03
[14/1350] OK C1_2_5__S3_mixed_fleet_arc__ILS_MS__seed04
[15/1350] OK C1_2_5__S3_mixed_fleet_arc__ILS_MS__seed05
[16/1350] OK C1_2_5__S3_mixed_fleet_arc__ILS_MS__seed06
[17/1350] OK C1_2_5__S3_mixed_fleet_arc__ILS_MS__seed07
[18/1350] OK C1_2_5__S3_mixed_fleet_arc__ILS_MS__seed08
[19/1350] OK C1_2_5__S3_mixed_fleet_arc__ILS_MS__seed09
[20/1350] OK C1_2_5__S3_mixed_fleet_arc__ILS_MS__seed10
[21/1350] OK C1_2_5__S3_mixed_fleet_arc__ILS_MS__seed11
[22/1350] OK C1_2_5__S3_mixed_fleet_arc__ILS_MS__seed12
[23/1350] OK C1_2_5__S3_mixed_fleet_arc__ILS_MS__seed13
[24/1350] OK C1_2_5__S3_mixed_fleet_arc__ILS_MS__seed14
[25/1350] OK C1_2_5__S3_mixed_fleet_arc__ILS_MS__seed15
[26/1350] OK C1_2_5__S3_mixed_fleet_arc__ILS_MS__seed16
[27/1350] OK C1_2_5__S3_mixed_fleet_arc__ILS_MS__seed17
[28/1350] OK C1_2_5__S3_mixed_fleet_arc__ILS_MS__seed18
[29/1350] OK C1_2_5__S3_mixed_fleet_arc__ILS_MS__seed19
[30/1350] OK C1_2_5__S3_mixed_fleet_arc__ILS_MS__seed20
[31/1350] OK C2_2_1__S1_balanced__ILS_MS__seed01
[32/1350] OK C2_2_1__S1_balanced__ILS_MS__seed02
[33/1350] OK C2_2_1__S1_balanced__ILS_MS__seed03
[34/1350] OK C2_2_1__S1_balanced__ILS_MS__seed04
[35/1350] OK C2_2_1__S1_balanced__ILS_MS__seed05
[36/1350] OK C2_2_1__S1_balanced__ILS_MS__seed06
[37/1350] OK C2_2_1__S1_balanced__ILS_MS__seed07
[38/1350] OK C2_2_1__S1_balanced__ILS_MS__seed08
[39/1350] OK C2_2_1__S1_balanced__ILS_MS__seed09
[40/1350] OK C2_2_1__S1_balanced__ILS_MS__seed10
[41/1350] OK C2_2_1__S1_balanced__ILS_MS__seed11
[42/1350] OK C2_2_1__S1_balanced__ILS_MS__seed12
[43/1350] OK C2_2_1__S1_balanced__ILS_MS__seed13
[44/1350] OK C2_2_1__S1_balanced__ILS_MS__seed14
[45/1350] OK C2_2_1__S1_balanced__ILS_MS__seed15
[46/1350] OK C2_2_1__S1_balanced__ILS_MS__seed16
[47/1350] OK C2_2_1__S1_balanced__ILS_MS__seed17
[48/1350] OK C2_2_1__S1_balanced__ILS_MS__seed18
[49/1350] OK C2_2_1__S1_balanced__ILS_MS__seed19
[50/1350] OK C2_2_1__S1_balanced__ILS_MS__seed20
[51/1350] OK C2_2_1__S2_peak_dirty__ILS_MS__seed01
[52/1350] OK C2_2_1__S2_peak_dirty__ILS_MS__seed02
[53/1350] OK C2_2_1__S2_peak_dirty__ILS_MS__seed03
[54/1350] OK C2_2_1__S2_peak_dirty__ILS_MS__seed04
[55/1350] OK C2_2_1__S2_peak_dirty__ILS_MS__seed05
[56/1350] OK C2_2_1__S2_peak_dirty__ILS_MS__seed06
[57/1350] OK C2_2_1__S2_peak_dirty__ILS_MS__seed07
[58/1350] OK C2_2_1__S2_peak_dirty__ILS_MS__seed08
[59/1350] OK C2_2_1__S2_peak_dirty__ILS_MS__seed09
[60/1350] OK C2_2_1__S2_peak_dirty__ILS_MS__seed10
[61/1350] OK C2_2_1__S2_peak_dirty__ILS_MS__seed11
[62/1350] OK C2_2_1__S2_peak_dirty__ILS_MS__seed12
[63/1350] OK C2_2_1__S2_peak_dirty__ILS_MS__seed13
[64/1350] OK C2_2_1__S2_peak_dirty__ILS_MS__seed14
[65/1350] OK C2_2_1__S2_peak_dirty__ILS_MS__seed15
[66/1350] OK C2_2_1__S2_peak_dirty__ILS_MS__seed16
[67/1350] OK C2_2_1__S2_peak_dirty__ILS_MS__seed17
[68/1350] OK C2_2_1__S2_peak_dirty__ILS_MS__seed18
[69/1350] OK C2_2_1__S2_peak_dirty__ILS_MS__seed19
[70/1350] OK C2_2_1__S2_peak_dirty__ILS_MS__seed20
[71/1350] OK C2_2_1__S3_mixed_fleet_arc__ILS_MS__seed01
[72/1350] OK C2_2_1__S3_mixed_fleet_arc__ILS_MS__seed02
[73/1350] OK C2_2_1__S3_mixed_fleet_arc__ILS_MS__seed03
[74/1350] OK C2_2_1__S3_mixed_fleet_arc__ILS_MS__seed04
[75/1350] OK C2_2_1__S3_mixed_fleet_arc__ILS_MS__seed05
[76/1350] OK C2_2_1__S3_mixed_fleet_arc__ILS_MS__seed06
[77/1350] OK C2_2_1__S3_mixed_fleet_arc__ILS_MS__seed07
[78/1350] OK C2_2_1__S3_mixed_fleet_arc__ILS_MS__seed08
[79/1350] OK C2_2_1__S3_mixed_fleet_arc__ILS_MS__seed09
[80/1350] OK C2_2_1__S3_mixed_fleet_arc__ILS_MS__seed10
[81/1350] OK C2_2_1__S3_mixed_fleet_arc__ILS_MS__seed11
[82/1350] OK C2_2_1__S3_mixed_fleet_arc__ILS_MS__seed12
[83/1350] OK C2_2_1__S3_mixed_fleet_arc__ILS_MS__seed13
[84/1350] OK C2_2_1__S3_mixed_fleet_arc__ILS_MS__seed14
[85/1350] OK C2_2_1__S3_mixed_fleet_arc__ILS_MS__seed15
[86/1350] OK C2_2_1__S3_mixed_fleet_arc__ILS_MS__seed16
[87/1350] OK C2_2_1__S3_mixed_fleet_arc__ILS_MS__seed17
[88/1350] OK C2_2_1__S3_mixed_fleet_arc__ILS_MS__seed18
[89/1350] OK C2_2_1__S3_mixed_fleet_arc__ILS_MS__seed19
[90/1350] OK C2_2_1__S3_mixed_fleet_arc__ILS_MS__seed20
[91/1350] OK C2_2_5__S1_balanced__ILS_MS__seed01
[92/1350] OK C2_2_5__S1_balanced__ILS_MS__seed02
[93/1350] OK C2_2_5__S1_balanced__ILS_MS__seed03
[94/1350] OK C2_2_5__S1_balanced__ILS_MS__seed04
[95/1350] OK C2_2_5__S1_balanced__ILS_MS__seed05
[96/1350] OK C2_2_5__S1_balanced__ILS_MS__seed06
[97/1350] OK C2_2_5__S1_balanced__ILS_MS__seed07
[98/1350] OK C2_2_5__S1_balanced__ILS_MS__seed08
[99/1350] OK C2_2_5__S1_balanced__ILS_MS__seed09
[100/1350] OK C2_2_5__S1_balanced__ILS_MS__seed10
[101/1350] OK C2_2_5__S1_balanced__ILS_MS__seed11
[102/1350] OK C2_2_5__S1_balanced__ILS_MS__seed12
[103/1350] OK C2_2_5__S1_balanced__ILS_MS__seed13
[104/1350] OK C2_2_5__S1_balanced__ILS_MS__seed14
[105/1350] OK C2_2_5__S1_balanced__ILS_MS__seed15
[106/1350] OK C2_2_5__S1_balanced__ILS_MS__seed16
[107/1350] OK C2_2_5__S1_balanced__ILS_MS__seed17
[108/1350] OK C2_2_5__S1_balanced__ILS_MS__seed18
[109/1350] OK C2_2_5__S1_balanced__ILS_MS__seed19
[110/1350] OK C2_2_5__S1_balanced__ILS_MS__seed20
[111/1350] OK C2_2_5__S2_peak_dirty__ILS_MS__seed01
[112/1350] OK C2_2_5__S2_peak_dirty__ILS_MS__seed02
[113/1350] OK C2_2_5__S2_peak_dirty__ILS_MS__seed03
[114/1350] OK C2_2_5__S2_peak_dirty__ILS_MS__seed04
[115/1350] OK C2_2_5__S2_peak_dirty__ILS_MS__seed05
[116/1350] OK C2_2_5__S2_peak_dirty__ILS_MS__seed06
[117/1350] OK C2_2_5__S2_peak_dirty__ILS_MS__seed07
[118/1350] OK C2_2_5__S2_peak_dirty__ILS_MS__seed08
[119/1350] OK C2_2_5__S2_peak_dirty__ILS_MS__seed09
[120/1350] OK C2_2_5__S2_peak_dirty__ILS_MS__seed10
[121/1350] OK C2_2_5__S2_peak_dirty__ILS_MS__seed11
[122/1350] OK C2_2_5__S2_peak_dirty__ILS_MS__seed12
[123/1350] OK C2_2_5__S2_peak_dirty__ILS_MS__seed13
[124/1350] OK C2_2_5__S2_peak_dirty__ILS_MS__seed14
[125/1350] OK C2_2_5__S2_peak_dirty__ILS_MS__seed15
[126/1350] OK C2_2_5__S2_peak_dirty__ILS_MS__seed16
[127/1350] OK C2_2_5__S2_peak_dirty__ILS_MS__seed17
[128/1350] OK C2_2_5__S2_peak_dirty__ILS_MS__seed18
[129/1350] OK C2_2_5__S2_peak_dirty__ILS_MS__seed19
[130/1350] OK C2_2_5__S2_peak_dirty__ILS_MS__seed20
[131/1350] OK C2_2_5__S3_mixed_fleet_arc__ILS_MS__seed01
[132/1350] OK C2_2_5__S3_mixed_fleet_arc__ILS_MS__seed02
[133/1350] OK C2_2_5__S3_mixed_fleet_arc__ILS_MS__seed03
[134/1350] OK C2_2_5__S3_mixed_fleet_arc__ILS_MS__seed04
[135/1350] OK C2_2_5__S3_mixed_fleet_arc__ILS_MS__seed05
[136/1350] OK C2_2_5__S3_mixed_fleet_arc__ILS_MS__seed06
[137/1350] OK C2_2_5__S3_mixed_fleet_arc__ILS_MS__seed07
[138/1350] OK C2_2_5__S3_mixed_fleet_arc__ILS_MS__seed08
[139/1350] OK C2_2_5__S3_mixed_fleet_arc__ILS_MS__seed09
[140/1350] OK C2_2_5__S3_mixed_fleet_arc__ILS_MS__seed10
[141/1350] OK C2_2_5__S3_mixed_fleet_arc__ILS_MS__seed11
[142/1350] OK C2_2_5__S3_mixed_fleet_arc__ILS_MS__seed12
[143/1350] OK C2_2_5__S3_mixed_fleet_arc__ILS_MS__seed13
[144/1350] OK C2_2_5__S3_mixed_fleet_arc__ILS_MS__seed14
[145/1350] OK C2_2_5__S3_mixed_fleet_arc__ILS_MS__seed15
[146/1350] OK C2_2_5__S3_mixed_fleet_arc__ILS_MS__seed16
[147/1350] OK C2_2_5__S3_mixed_fleet_arc__ILS_MS__seed17
[148/1350] OK C2_2_5__S3_mixed_fleet_arc__ILS_MS__seed18
[149/1350] OK C2_2_5__S3_mixed_fleet_arc__ILS_MS__seed19
[150/1350] OK C2_2_5__S3_mixed_fleet_arc__ILS_MS__seed20
[151/1350] OK R1_2_1__S1_balanced__ILS_MS__seed01
[152/1350] OK R1_2_1__S1_balanced__ILS_MS__seed02
[153/1350] OK R1_2_1__S1_balanced__ILS_MS__seed03
[154/1350] OK R1_2_1__S1_balanced__ILS_MS__seed04
[155/1350] OK R1_2_1__S1_balanced__ILS_MS__seed05
[156/1350] OK R1_2_1__S1_balanced__ILS_MS__seed06
[157/1350] OK R1_2_1__S1_balanced__ILS_MS__seed07
[158/1350] OK R1_2_1__S1_balanced__ILS_MS__seed08
[159/1350] OK R1_2_1__S1_balanced__ILS_MS__seed09
[160/1350] OK R1_2_1__S1_balanced__ILS_MS__seed10
[161/1350] OK R1_2_1__S1_balanced__ILS_MS__seed11
[162/1350] OK R1_2_1__S1_balanced__ILS_MS__seed12
[163/1350] OK R1_2_1__S1_balanced__ILS_MS__seed13
[164/1350] OK R1_2_1__S1_balanced__ILS_MS__seed14
[165/1350] OK R1_2_1__S1_balanced__ILS_MS__seed15
[166/1350] OK R1_2_1__S1_balanced__ILS_MS__seed16
[167/1350] OK R1_2_1__S1_balanced__ILS_MS__seed17
[168/1350] OK R1_2_1__S1_balanced__ILS_MS__seed18
[169/1350] OK R1_2_1__S1_balanced__ILS_MS__seed19
[170/1350] OK R1_2_1__S1_balanced__ILS_MS__seed20
[171/1350] OK R1_2_1__S2_peak_dirty__ILS_MS__seed01
[172/1350] OK R1_2_1__S2_peak_dirty__ILS_MS__seed02
[173/1350] OK R1_2_1__S2_peak_dirty__ILS_MS__seed03
[174/1350] OK R1_2_1__S2_peak_dirty__ILS_MS__seed04
[175/1350] OK R1_2_1__S2_peak_dirty__ILS_MS__seed05
[176/1350] OK R1_2_1__S2_peak_dirty__ILS_MS__seed06
[177/1350] OK R1_2_1__S2_peak_dirty__ILS_MS__seed07
[178/1350] OK R1_2_1__S2_peak_dirty__ILS_MS__seed08
[179/1350] OK R1_2_1__S2_peak_dirty__ILS_MS__seed09
[180/1350] OK R1_2_1__S2_peak_dirty__ILS_MS__seed10
[181/1350] OK R1_2_1__S2_peak_dirty__ILS_MS__seed11
[182/1350] OK R1_2_1__S2_peak_dirty__ILS_MS__seed12
[183/1350] OK R1_2_1__S2_peak_dirty__ILS_MS__seed13
[184/1350] OK R1_2_1__S2_peak_dirty__ILS_MS__seed14
[185/1350] OK R1_2_1__S2_peak_dirty__ILS_MS__seed15
[186/1350] OK R1_2_1__S2_peak_dirty__ILS_MS__seed16
[187/1350] OK R1_2_1__S2_peak_dirty__ILS_MS__seed17
[188/1350] OK R1_2_1__S2_peak_dirty__ILS_MS__seed18
[189/1350] OK R1_2_1__S2_peak_dirty__ILS_MS__seed19
[190/1350] OK R1_2_1__S2_peak_dirty__ILS_MS__seed20
[191/1350] OK R1_2_1__S3_mixed_fleet_arc__ILS_MS__seed01
[192/1350] OK R1_2_1__S3_mixed_fleet_arc__ILS_MS__seed02
[193/1350] OK R1_2_1__S3_mixed_fleet_arc__ILS_MS__seed03
[194/1350] OK R1_2_1__S3_mixed_fleet_arc__ILS_MS__seed04
[195/1350] OK R1_2_1__S3_mixed_fleet_arc__ILS_MS__seed05
[196/1350] OK R1_2_1__S3_mixed_fleet_arc__ILS_MS__seed06
[197/1350] OK R1_2_1__S3_mixed_fleet_arc__ILS_MS__seed07
[198/1350] OK R1_2_1__S3_mixed_fleet_arc__ILS_MS__seed08
[199/1350] OK R1_2_1__S3_mixed_fleet_arc__ILS_MS__seed09
[200/1350] OK R1_2_1__S3_mixed_fleet_arc__ILS_MS__seed10
[201/1350] OK R1_2_1__S3_mixed_fleet_arc__ILS_MS__seed11
[202/1350] OK R1_2_1__S3_mixed_fleet_arc__ILS_MS__seed12
[203/1350] OK R1_2_1__S3_mixed_fleet_arc__ILS_MS__seed13
[204/1350] OK R1_2_1__S3_mixed_fleet_arc__ILS_MS__seed14
[205/1350] OK R1_2_1__S3_mixed_fleet_arc__ILS_MS__seed15
[206/1350] OK R1_2_1__S3_mixed_fleet_arc__ILS_MS__seed16
[207/1350] OK R1_2_1__S3_mixed_fleet_arc__ILS_MS__seed17
[208/1350] OK R1_2_1__S3_mixed_fleet_arc__ILS_MS__seed18
[209/1350] OK R1_2_1__S3_mixed_fleet_arc__ILS_MS__seed19
[210/1350] OK R1_2_1__S3_mixed_fleet_arc__ILS_MS__seed20
[211/1350] OK R1_2_5__S1_balanced__ILS_MS__seed01
[212/1350] OK R1_2_5__S1_balanced__ILS_MS__seed02
[213/1350] OK R1_2_5__S1_balanced__ILS_MS__seed03
[214/1350] OK R1_2_5__S1_balanced__ILS_MS__seed04
[215/1350] OK R1_2_5__S1_balanced__ILS_MS__seed05
[216/1350] OK R1_2_5__S1_balanced__ILS_MS__seed06
[217/1350] OK R1_2_5__S1_balanced__ILS_MS__seed07
[218/1350] OK R1_2_5__S1_balanced__ILS_MS__seed08
[219/1350] OK R1_2_5__S1_balanced__ILS_MS__seed09
[220/1350] OK R1_2_5__S1_balanced__ILS_MS__seed10
[221/1350] OK R1_2_5__S1_balanced__ILS_MS__seed11
[222/1350] OK R1_2_5__S1_balanced__ILS_MS__seed12
[223/1350] OK R1_2_5__S1_balanced__ILS_MS__seed13
[224/1350] OK R1_2_5__S1_balanced__ILS_MS__seed14
[225/1350] OK R1_2_5__S1_balanced__ILS_MS__seed15
[226/1350] OK R1_2_5__S1_balanced__ILS_MS__seed16
[227/1350] OK R1_2_5__S1_balanced__ILS_MS__seed17
[228/1350] OK R1_2_5__S1_balanced__ILS_MS__seed18
[229/1350] OK R1_2_5__S1_balanced__ILS_MS__seed19
[230/1350] OK R1_2_5__S1_balanced__ILS_MS__seed20
[231/1350] OK R1_2_5__S2_peak_dirty__ILS_MS__seed01
[232/1350] OK R1_2_5__S2_peak_dirty__ILS_MS__seed02
[233/1350] OK R1_2_5__S2_peak_dirty__ILS_MS__seed03
[234/1350] OK R1_2_5__S2_peak_dirty__ILS_MS__seed04
[235/1350] OK R1_2_5__S2_peak_dirty__ILS_MS__seed05
[236/1350] OK R1_2_5__S2_peak_dirty__ILS_MS__seed06
[237/1350] OK R1_2_5__S2_peak_dirty__ILS_MS__seed07
[238/1350] OK R1_2_5__S2_peak_dirty__ILS_MS__seed08
[239/1350] OK R1_2_5__S2_peak_dirty__ILS_MS__seed09
[240/1350] OK R1_2_5__S2_peak_dirty__ILS_MS__seed10
[241/1350] OK R1_2_5__S2_peak_dirty__ILS_MS__seed11
[242/1350] OK R1_2_5__S2_peak_dirty__ILS_MS__seed12
[243/1350] OK R1_2_5__S2_peak_dirty__ILS_MS__seed13
[244/1350] OK R1_2_5__S2_peak_dirty__ILS_MS__seed14
[245/1350] OK R1_2_5__S2_peak_dirty__ILS_MS__seed15
[246/1350] OK R1_2_5__S2_peak_dirty__ILS_MS__seed16
[247/1350] OK R1_2_5__S2_peak_dirty__ILS_MS__seed17
[248/1350] OK R1_2_5__S2_peak_dirty__ILS_MS__seed18
[249/1350] OK R1_2_5__S2_peak_dirty__ILS_MS__seed19
[250/1350] OK R1_2_5__S2_peak_dirty__ILS_MS__seed20
[251/1350] OK R1_2_5__S3_mixed_fleet_arc__ILS_MS__seed01
[252/1350] OK R1_2_5__S3_mixed_fleet_arc__ILS_MS__seed02
[253/1350] OK R1_2_5__S3_mixed_fleet_arc__ILS_MS__seed03
[254/1350] OK R1_2_5__S3_mixed_fleet_arc__ILS_MS__seed04
[255/1350] OK R1_2_5__S3_mixed_fleet_arc__ILS_MS__seed05
[256/1350] OK R1_2_5__S3_mixed_fleet_arc__ILS_MS__seed06
[257/1350] OK R1_2_5__S3_mixed_fleet_arc__ILS_MS__seed07
[258/1350] OK R1_2_5__S3_mixed_fleet_arc__ILS_MS__seed08
[259/1350] OK R1_2_5__S3_mixed_fleet_arc__ILS_MS__seed09
[260/1350] OK R1_2_5__S3_mixed_fleet_arc__ILS_MS__seed10
[261/1350] OK R1_2_5__S3_mixed_fleet_arc__ILS_MS__seed11
[262/1350] OK R1_2_5__S3_mixed_fleet_arc__ILS_MS__seed12
[263/1350] OK R1_2_5__S3_mixed_fleet_arc__ILS_MS__seed13
[264/1350] OK R1_2_5__S3_mixed_fleet_arc__ILS_MS__seed14
[265/1350] OK R1_2_5__S3_mixed_fleet_arc__ILS_MS__seed15
[266/1350] OK R1_2_5__S3_mixed_fleet_arc__ILS_MS__seed16
[267/1350] OK R1_2_5__S3_mixed_fleet_arc__ILS_MS__seed17
[268/1350] OK R1_2_5__S3_mixed_fleet_arc__ILS_MS__seed18
[269/1350] OK R1_2_5__S3_mixed_fleet_arc__ILS_MS__seed19
[270/1350] OK R1_2_5__S3_mixed_fleet_arc__ILS_MS__seed20
[271/1350] OK R2_2_1__S1_balanced__ILS_MS__seed01
[272/1350] OK R2_2_1__S1_balanced__ILS_MS__seed02
[273/1350] OK R2_2_1__S1_balanced__ILS_MS__seed03
[274/1350] OK R2_2_1__S1_balanced__ILS_MS__seed04
[275/1350] OK R2_2_1__S1_balanced__ILS_MS__seed05
[276/1350] OK R2_2_1__S1_balanced__ILS_MS__seed06
[277/1350] OK R2_2_1__S1_balanced__ILS_MS__seed07
[278/1350] OK R2_2_1__S1_balanced__ILS_MS__seed08
[279/1350] OK R2_2_1__S1_balanced__ILS_MS__seed09
[280/1350] OK R2_2_1__S1_balanced__ILS_MS__seed10
[281/1350] OK R2_2_1__S1_balanced__ILS_MS__seed11
[282/1350] OK R2_2_1__S1_balanced__ILS_MS__seed12
[283/1350] OK R2_2_1__S1_balanced__ILS_MS__seed13
[284/1350] OK R2_2_1__S1_balanced__ILS_MS__seed14
[285/1350] OK R2_2_1__S1_balanced__ILS_MS__seed15
[286/1350] OK R2_2_1__S1_balanced__ILS_MS__seed16
[287/1350] OK R2_2_1__S1_balanced__ILS_MS__seed17
[288/1350] OK R2_2_1__S1_balanced__ILS_MS__seed18
[289/1350] OK R2_2_1__S1_balanced__ILS_MS__seed19
[290/1350] OK R2_2_1__S1_balanced__ILS_MS__seed20
[291/1350] OK R2_2_1__S2_peak_dirty__ILS_MS__seed01
[292/1350] OK R2_2_1__S2_peak_dirty__ILS_MS__seed02
[293/1350] OK R2_2_1__S2_peak_dirty__ILS_MS__seed03
[294/1350] OK R2_2_1__S2_peak_dirty__ILS_MS__seed04
[295/1350] OK R2_2_1__S2_peak_dirty__ILS_MS__seed05
[296/1350] OK R2_2_1__S2_peak_dirty__ILS_MS__seed06
[297/1350] OK R2_2_1__S2_peak_dirty__ILS_MS__seed07
[298/1350] OK R2_2_1__S2_peak_dirty__ILS_MS__seed08
[299/1350] OK R2_2_1__S2_peak_dirty__ILS_MS__seed09
[300/1350] OK R2_2_1__S2_peak_dirty__ILS_MS__seed10
[301/1350] OK R2_2_1__S2_peak_dirty__ILS_MS__seed11
[302/1350] OK R2_2_1__S2_peak_dirty__ILS_MS__seed12
[303/1350] OK R2_2_1__S2_peak_dirty__ILS_MS__seed13
[304/1350] OK R2_2_1__S2_peak_dirty__ILS_MS__seed14
[305/1350] OK R2_2_1__S2_peak_dirty__ILS_MS__seed15
[306/1350] OK R2_2_1__S2_peak_dirty__ILS_MS__seed16
[307/1350] OK R2_2_1__S2_peak_dirty__ILS_MS__seed17
[308/1350] OK R2_2_1__S2_peak_dirty__ILS_MS__seed18
[309/1350] OK R2_2_1__S2_peak_dirty__ILS_MS__seed19
[310/1350] OK R2_2_1__S2_peak_dirty__ILS_MS__seed20
[311/1350] OK R2_2_1__S3_mixed_fleet_arc__ILS_MS__seed01
[312/1350] OK R2_2_1__S3_mixed_fleet_arc__ILS_MS__seed02
[313/1350] OK R2_2_1__S3_mixed_fleet_arc__ILS_MS__seed03
[314/1350] OK R2_2_1__S3_mixed_fleet_arc__ILS_MS__seed04
[315/1350] OK R2_2_1__S3_mixed_fleet_arc__ILS_MS__seed05
[316/1350] OK R2_2_1__S3_mixed_fleet_arc__ILS_MS__seed06
[317/1350] OK R2_2_1__S3_mixed_fleet_arc__ILS_MS__seed07
[318/1350] OK R2_2_1__S3_mixed_fleet_arc__ILS_MS__seed08
[319/1350] OK R2_2_1__S3_mixed_fleet_arc__ILS_MS__seed09
[320/1350] OK R2_2_1__S3_mixed_fleet_arc__ILS_MS__seed10
[321/1350] OK R2_2_1__S3_mixed_fleet_arc__ILS_MS__seed11
[322/1350] OK R2_2_1__S3_mixed_fleet_arc__ILS_MS__seed12
[323/1350] OK R2_2_1__S3_mixed_fleet_arc__ILS_MS__seed13
[324/1350] OK R2_2_1__S3_mixed_fleet_arc__ILS_MS__seed14
[325/1350] OK R2_2_1__S3_mixed_fleet_arc__ILS_MS__seed15
[326/1350] OK R2_2_1__S3_mixed_fleet_arc__ILS_MS__seed16
[327/1350] OK R2_2_1__S3_mixed_fleet_arc__ILS_MS__seed17
[328/1350] OK R2_2_1__S3_mixed_fleet_arc__ILS_MS__seed18
[329/1350] OK R2_2_1__S3_mixed_fleet_arc__ILS_MS__seed19
[330/1350] OK R2_2_1__S3_mixed_fleet_arc__ILS_MS__seed20
[331/1350] OK R2_2_5__S1_balanced__ILS_MS__seed01
[332/1350] OK R2_2_5__S1_balanced__ILS_MS__seed02
[333/1350] OK R2_2_5__S1_balanced__ILS_MS__seed03
[334/1350] OK R2_2_5__S1_balanced__ILS_MS__seed04
[335/1350] OK R2_2_5__S1_balanced__ILS_MS__seed05
[336/1350] OK R2_2_5__S1_balanced__ILS_MS__seed06
[337/1350] OK R2_2_5__S1_balanced__ILS_MS__seed07
[338/1350] OK R2_2_5__S1_balanced__ILS_MS__seed08
[339/1350] OK R2_2_5__S1_balanced__ILS_MS__seed09
[340/1350] OK R2_2_5__S1_balanced__ILS_MS__seed10
[341/1350] OK R2_2_5__S1_balanced__ILS_MS__seed11
[342/1350] OK R2_2_5__S1_balanced__ILS_MS__seed12
[343/1350] OK R2_2_5__S1_balanced__ILS_MS__seed13
[344/1350] OK R2_2_5__S1_balanced__ILS_MS__seed14
[345/1350] OK R2_2_5__S1_balanced__ILS_MS__seed15
[346/1350] OK R2_2_5__S1_balanced__ILS_MS__seed16
[347/1350] OK R2_2_5__S1_balanced__ILS_MS__seed17
[348/1350] OK R2_2_5__S1_balanced__ILS_MS__seed18
[349/1350] OK R2_2_5__S1_balanced__ILS_MS__seed19
[350/1350] OK R2_2_5__S1_balanced__ILS_MS__seed20
[351/1350] OK R2_2_5__S2_peak_dirty__ILS_MS__seed01
[352/1350] OK R2_2_5__S2_peak_dirty__ILS_MS__seed02
[353/1350] OK R2_2_5__S2_peak_dirty__ILS_MS__seed03
[354/1350] OK R2_2_5__S2_peak_dirty__ILS_MS__seed04
[355/1350] OK R2_2_5__S2_peak_dirty__ILS_MS__seed05
[356/1350] OK R2_2_5__S2_peak_dirty__ILS_MS__seed06
[357/1350] OK R2_2_5__S2_peak_dirty__ILS_MS__seed07
[358/1350] OK R2_2_5__S2_peak_dirty__ILS_MS__seed08
[359/1350] OK R2_2_5__S2_peak_dirty__ILS_MS__seed09
[360/1350] OK R2_2_5__S2_peak_dirty__ILS_MS__seed10
[361/1350] OK R2_2_5__S2_peak_dirty__ILS_MS__seed11
[362/1350] OK R2_2_5__S2_peak_dirty__ILS_MS__seed12
[363/1350] OK R2_2_5__S2_peak_dirty__ILS_MS__seed13
[364/1350] OK R2_2_5__S2_peak_dirty__ILS_MS__seed14
[365/1350] OK R2_2_5__S2_peak_dirty__ILS_MS__seed15
[366/1350] OK R2_2_5__S2_peak_dirty__ILS_MS__seed16
[367/1350] OK R2_2_5__S2_peak_dirty__ILS_MS__seed17
[368/1350] OK R2_2_5__S2_peak_dirty__ILS_MS__seed18
[369/1350] OK R2_2_5__S2_peak_dirty__ILS_MS__seed19
[370/1350] OK R2_2_5__S2_peak_dirty__ILS_MS__seed20
[371/1350] OK R2_2_5__S3_mixed_fleet_arc__ILS_MS__seed01
[372/1350] OK R2_2_5__S3_mixed_fleet_arc__ILS_MS__seed02
[373/1350] OK R2_2_5__S3_mixed_fleet_arc__ILS_MS__seed03
[374/1350] OK R2_2_5__S3_mixed_fleet_arc__ILS_MS__seed04
[375/1350] OK R2_2_5__S3_mixed_fleet_arc__ILS_MS__seed05
[376/1350] OK R2_2_5__S3_mixed_fleet_arc__ILS_MS__seed06
[377/1350] OK R2_2_5__S3_mixed_fleet_arc__ILS_MS__seed07
[378/1350] OK R2_2_5__S3_mixed_fleet_arc__ILS_MS__seed08
[379/1350] OK R2_2_5__S3_mixed_fleet_arc__ILS_MS__seed09
[380/1350] OK R2_2_5__S3_mixed_fleet_arc__ILS_MS__seed10
[381/1350] OK R2_2_5__S3_mixed_fleet_arc__ILS_MS__seed11
[382/1350] OK R2_2_5__S3_mixed_fleet_arc__ILS_MS__seed12
[383/1350] OK R2_2_5__S3_mixed_fleet_arc__ILS_MS__seed13
[384/1350] OK R2_2_5__S3_mixed_fleet_arc__ILS_MS__seed14
[385/1350] OK R2_2_5__S3_mixed_fleet_arc__ILS_MS__seed15
[386/1350] OK R2_2_5__S3_mixed_fleet_arc__ILS_MS__seed16
[387/1350] OK R2_2_5__S3_mixed_fleet_arc__ILS_MS__seed17
[388/1350] OK R2_2_5__S3_mixed_fleet_arc__ILS_MS__seed18
[389/1350] OK R2_2_5__S3_mixed_fleet_arc__ILS_MS__seed19
[390/1350] OK R2_2_5__S3_mixed_fleet_arc__ILS_MS__seed20
[391/1350] OK RC1_2_1__S1_balanced__ILS_MS__seed01
[392/1350] OK RC1_2_1__S1_balanced__ILS_MS__seed02
[393/1350] OK RC1_2_1__S1_balanced__ILS_MS__seed03
[394/1350] OK RC1_2_1__S1_balanced__ILS_MS__seed04
[395/1350] OK RC1_2_1__S1_balanced__ILS_MS__seed05
[396/1350] OK RC1_2_1__S1_balanced__ILS_MS__seed06
[397/1350] OK RC1_2_1__S1_balanced__ILS_MS__seed07
[398/1350] OK RC1_2_1__S1_balanced__ILS_MS__seed08
[399/1350] OK RC1_2_1__S1_balanced__ILS_MS__seed09
[400/1350] OK RC1_2_1__S1_balanced__ILS_MS__seed10
[401/1350] OK RC1_2_1__S1_balanced__ILS_MS__seed11
[402/1350] OK RC1_2_1__S1_balanced__ILS_MS__seed12
[403/1350] OK RC1_2_1__S1_balanced__ILS_MS__seed13
[404/1350] OK RC1_2_1__S1_balanced__ILS_MS__seed14
[405/1350] OK RC1_2_1__S1_balanced__ILS_MS__seed15
[406/1350] OK RC1_2_1__S1_balanced__ILS_MS__seed16
[407/1350] OK RC1_2_1__S1_balanced__ILS_MS__seed17
[408/1350] OK RC1_2_1__S1_balanced__ILS_MS__seed18
[409/1350] OK RC1_2_1__S1_balanced__ILS_MS__seed19
[410/1350] OK RC1_2_1__S1_balanced__ILS_MS__seed20
[411/1350] OK RC1_2_1__S2_peak_dirty__ILS_MS__seed01
[412/1350] OK RC1_2_1__S2_peak_dirty__ILS_MS__seed02
[413/1350] OK RC1_2_1__S2_peak_dirty__ILS_MS__seed03
[414/1350] OK RC1_2_1__S2_peak_dirty__ILS_MS__seed04
[415/1350] OK RC1_2_1__S2_peak_dirty__ILS_MS__seed05
[416/1350] OK RC1_2_1__S2_peak_dirty__ILS_MS__seed06
[417/1350] OK RC1_2_1__S2_peak_dirty__ILS_MS__seed07
[418/1350] OK RC1_2_1__S2_peak_dirty__ILS_MS__seed08
[419/1350] OK RC1_2_1__S2_peak_dirty__ILS_MS__seed09
[420/1350] OK RC1_2_1__S2_peak_dirty__ILS_MS__seed10
[421/1350] OK RC1_2_1__S2_peak_dirty__ILS_MS__seed11
[422/1350] OK RC1_2_1__S2_peak_dirty__ILS_MS__seed12
[423/1350] OK RC1_2_1__S2_peak_dirty__ILS_MS__seed13
[424/1350] OK RC1_2_1__S2_peak_dirty__ILS_MS__seed14
[425/1350] OK RC1_2_1__S2_peak_dirty__ILS_MS__seed15
[426/1350] OK RC1_2_1__S2_peak_dirty__ILS_MS__seed16
[427/1350] OK RC1_2_1__S2_peak_dirty__ILS_MS__seed17
[428/1350] OK RC1_2_1__S2_peak_dirty__ILS_MS__seed18
[429/1350] OK RC1_2_1__S2_peak_dirty__ILS_MS__seed19
[430/1350] OK RC1_2_1__S2_peak_dirty__ILS_MS__seed20
[431/1350] OK RC1_2_1__S3_mixed_fleet_arc__ILS_MS__seed01
[432/1350] OK RC1_2_1__S3_mixed_fleet_arc__ILS_MS__seed02
[433/1350] OK RC1_2_1__S3_mixed_fleet_arc__ILS_MS__seed03
[434/1350] OK RC1_2_1__S3_mixed_fleet_arc__ILS_MS__seed04
[435/1350] OK RC1_2_1__S3_mixed_fleet_arc__ILS_MS__seed05
[436/1350] OK RC1_2_1__S3_mixed_fleet_arc__ILS_MS__seed06
[437/1350] OK RC1_2_1__S3_mixed_fleet_arc__ILS_MS__seed07
[438/1350] OK RC1_2_1__S3_mixed_fleet_arc__ILS_MS__seed08
[439/1350] OK RC1_2_1__S3_mixed_fleet_arc__ILS_MS__seed09
[440/1350] OK RC1_2_1__S3_mixed_fleet_arc__ILS_MS__seed10
[441/1350] OK RC1_2_1__S3_mixed_fleet_arc__ILS_MS__seed11
[442/1350] OK RC1_2_1__S3_mixed_fleet_arc__ILS_MS__seed12
[443/1350] OK RC1_2_1__S3_mixed_fleet_arc__ILS_MS__seed13
[444/1350] OK RC1_2_1__S3_mixed_fleet_arc__ILS_MS__seed14
[445/1350] OK RC1_2_1__S3_mixed_fleet_arc__ILS_MS__seed15
[446/1350] OK RC1_2_1__S3_mixed_fleet_arc__ILS_MS__seed16
[447/1350] OK RC1_2_1__S3_mixed_fleet_arc__ILS_MS__seed17
[448/1350] OK RC1_2_1__S3_mixed_fleet_arc__ILS_MS__seed18
[449/1350] OK RC1_2_1__S3_mixed_fleet_arc__ILS_MS__seed19
[450/1350] OK RC1_2_1__S3_mixed_fleet_arc__ILS_MS__seed20
[451/1350] OK RC1_2_5__S1_balanced__ILS_MS__seed01
[452/1350] OK RC1_2_5__S1_balanced__ILS_MS__seed02
[453/1350] OK RC1_2_5__S1_balanced__ILS_MS__seed03
[454/1350] OK RC1_2_5__S1_balanced__ILS_MS__seed04
[455/1350] OK RC1_2_5__S1_balanced__ILS_MS__seed05
[456/1350] OK RC1_2_5__S1_balanced__ILS_MS__seed06
[457/1350] OK RC1_2_5__S1_balanced__ILS_MS__seed07
[458/1350] OK RC1_2_5__S1_balanced__ILS_MS__seed08
[459/1350] OK RC1_2_5__S1_balanced__ILS_MS__seed09
[460/1350] OK RC1_2_5__S1_balanced__ILS_MS__seed10
[461/1350] OK RC1_2_5__S1_balanced__ILS_MS__seed11
[462/1350] OK RC1_2_5__S1_balanced__ILS_MS__seed12
[463/1350] OK RC1_2_5__S1_balanced__ILS_MS__seed13
[464/1350] OK RC1_2_5__S1_balanced__ILS_MS__seed14
[465/1350] OK RC1_2_5__S1_balanced__ILS_MS__seed15
[466/1350] OK RC1_2_5__S1_balanced__ILS_MS__seed16
[467/1350] OK RC1_2_5__S1_balanced__ILS_MS__seed17
[468/1350] OK RC1_2_5__S1_balanced__ILS_MS__seed18
[469/1350] OK RC1_2_5__S1_balanced__ILS_MS__seed19
[470/1350] OK RC1_2_5__S1_balanced__ILS_MS__seed20
[471/1350] OK RC1_2_5__S2_peak_dirty__ILS_MS__seed01
[472/1350] OK RC1_2_5__S2_peak_dirty__ILS_MS__seed02
[473/1350] OK RC1_2_5__S2_peak_dirty__ILS_MS__seed03
[474/1350] OK RC1_2_5__S2_peak_dirty__ILS_MS__seed04
[475/1350] OK RC1_2_5__S2_peak_dirty__ILS_MS__seed05
[476/1350] OK RC1_2_5__S2_peak_dirty__ILS_MS__seed06
[477/1350] OK RC1_2_5__S2_peak_dirty__ILS_MS__seed07
[478/1350] OK RC1_2_5__S2_peak_dirty__ILS_MS__seed08
[479/1350] OK RC1_2_5__S2_peak_dirty__ILS_MS__seed09
[480/1350] OK RC1_2_5__S2_peak_dirty__ILS_MS__seed10
[481/1350] OK RC1_2_5__S2_peak_dirty__ILS_MS__seed11
[482/1350] OK RC1_2_5__S2_peak_dirty__ILS_MS__seed12
[483/1350] OK RC1_2_5__S2_peak_dirty__ILS_MS__seed13
[484/1350] OK RC1_2_5__S2_peak_dirty__ILS_MS__seed14
[485/1350] OK RC1_2_5__S2_peak_dirty__ILS_MS__seed15
[486/1350] OK RC1_2_5__S2_peak_dirty__ILS_MS__seed16
[487/1350] OK RC1_2_5__S2_peak_dirty__ILS_MS__seed17
[488/1350] OK RC1_2_5__S2_peak_dirty__ILS_MS__seed18
[489/1350] OK RC1_2_5__S2_peak_dirty__ILS_MS__seed19
[490/1350] OK RC1_2_5__S2_peak_dirty__ILS_MS__seed20
[491/1350] OK RC1_2_5__S3_mixed_fleet_arc__ILS_MS__seed01
[492/1350] OK RC1_2_5__S3_mixed_fleet_arc__ILS_MS__seed02
[493/1350] OK RC1_2_5__S3_mixed_fleet_arc__ILS_MS__seed03
[494/1350] OK RC1_2_5__S3_mixed_fleet_arc__ILS_MS__seed04
[495/1350] OK RC1_2_5__S3_mixed_fleet_arc__ILS_MS__seed05
[496/1350] OK RC1_2_5__S3_mixed_fleet_arc__ILS_MS__seed06
[497/1350] OK RC1_2_5__S3_mixed_fleet_arc__ILS_MS__seed07
[498/1350] OK RC1_2_5__S3_mixed_fleet_arc__ILS_MS__seed08
[499/1350] OK RC1_2_5__S3_mixed_fleet_arc__ILS_MS__seed09
[500/1350] OK RC1_2_5__S3_mixed_fleet_arc__ILS_MS__seed10
[501/1350] OK RC1_2_5__S3_mixed_fleet_arc__ILS_MS__seed11
[502/1350] OK RC1_2_5__S3_mixed_fleet_arc__ILS_MS__seed12
[503/1350] OK RC1_2_5__S3_mixed_fleet_arc__ILS_MS__seed13
[504/1350] OK RC1_2_5__S3_mixed_fleet_arc__ILS_MS__seed14
[505/1350] OK RC1_2_5__S3_mixed_fleet_arc__ILS_MS__seed15
[506/1350] OK RC1_2_5__S3_mixed_fleet_arc__ILS_MS__seed16
[507/1350] OK RC1_2_5__S3_mixed_fleet_arc__ILS_MS__seed17
[508/1350] OK RC1_2_5__S3_mixed_fleet_arc__ILS_MS__seed18
[509/1350] OK RC1_2_5__S3_mixed_fleet_arc__ILS_MS__seed19
[510/1350] OK RC1_2_5__S3_mixed_fleet_arc__ILS_MS__seed20
[511/1350] OK RC2_2_1__S1_balanced__ILS_MS__seed01
[512/1350] OK RC2_2_1__S1_balanced__ILS_MS__seed02
[513/1350] OK RC2_2_1__S1_balanced__ILS_MS__seed03
[514/1350] OK RC2_2_1__S1_balanced__ILS_MS__seed04
[515/1350] OK RC2_2_1__S1_balanced__ILS_MS__seed05
[516/1350] OK RC2_2_1__S1_balanced__ILS_MS__seed06
[517/1350] OK RC2_2_1__S1_balanced__ILS_MS__seed07
[518/1350] OK RC2_2_1__S1_balanced__ILS_MS__seed08
[519/1350] OK RC2_2_1__S1_balanced__ILS_MS__seed09
[520/1350] OK RC2_2_1__S1_balanced__ILS_MS__seed10
[521/1350] OK RC2_2_1__S1_balanced__ILS_MS__seed11
[522/1350] OK RC2_2_1__S1_balanced__ILS_MS__seed12
[523/1350] OK RC2_2_1__S1_balanced__ILS_MS__seed13
[524/1350] OK RC2_2_1__S1_balanced__ILS_MS__seed14
[525/1350] OK RC2_2_1__S1_balanced__ILS_MS__seed15
[526/1350] OK RC2_2_1__S1_balanced__ILS_MS__seed16
[527/1350] OK RC2_2_1__S1_balanced__ILS_MS__seed17
[528/1350] OK RC2_2_1__S1_balanced__ILS_MS__seed18
[529/1350] OK RC2_2_1__S1_balanced__ILS_MS__seed19
[530/1350] OK RC2_2_1__S1_balanced__ILS_MS__seed20
[531/1350] OK RC2_2_1__S2_peak_dirty__ILS_MS__seed01
[532/1350] OK RC2_2_1__S2_peak_dirty__ILS_MS__seed02
[533/1350] OK RC2_2_1__S2_peak_dirty__ILS_MS__seed03
[534/1350] OK RC2_2_1__S2_peak_dirty__ILS_MS__seed04
[535/1350] OK RC2_2_1__S2_peak_dirty__ILS_MS__seed05
[536/1350] OK RC2_2_1__S2_peak_dirty__ILS_MS__seed06
[537/1350] OK RC2_2_1__S2_peak_dirty__ILS_MS__seed07
[538/1350] OK RC2_2_1__S2_peak_dirty__ILS_MS__seed08
[539/1350] OK RC2_2_1__S2_peak_dirty__ILS_MS__seed09
[540/1350] OK RC2_2_1__S2_peak_dirty__ILS_MS__seed10
[541/1350] OK RC2_2_1__S2_peak_dirty__ILS_MS__seed11
[542/1350] OK RC2_2_1__S2_peak_dirty__ILS_MS__seed12
[543/1350] OK RC2_2_1__S2_peak_dirty__ILS_MS__seed13
[544/1350] OK RC2_2_1__S2_peak_dirty__ILS_MS__seed14
[545/1350] OK RC2_2_1__S2_peak_dirty__ILS_MS__seed15
[546/1350] OK RC2_2_1__S2_peak_dirty__ILS_MS__seed16
[547/1350] OK RC2_2_1__S2_peak_dirty__ILS_MS__seed17
[548/1350] OK RC2_2_1__S2_peak_dirty__ILS_MS__seed18
[549/1350] OK RC2_2_1__S2_peak_dirty__ILS_MS__seed19
[550/1350] OK RC2_2_1__S2_peak_dirty__ILS_MS__seed20
[551/1350] OK RC2_2_1__S3_mixed_fleet_arc__ILS_MS__seed01
[552/1350] OK RC2_2_1__S3_mixed_fleet_arc__ILS_MS__seed02
[553/1350] OK RC2_2_1__S3_mixed_fleet_arc__ILS_MS__seed03
[554/1350] OK RC2_2_1__S3_mixed_fleet_arc__ILS_MS__seed04
[555/1350] OK RC2_2_1__S3_mixed_fleet_arc__ILS_MS__seed05
[556/1350] OK RC2_2_1__S3_mixed_fleet_arc__ILS_MS__seed06
[557/1350] OK RC2_2_1__S3_mixed_fleet_arc__ILS_MS__seed07
[558/1350] OK RC2_2_1__S3_mixed_fleet_arc__ILS_MS__seed08
[559/1350] OK RC2_2_1__S3_mixed_fleet_arc__ILS_MS__seed09
[560/1350] OK RC2_2_1__S3_mixed_fleet_arc__ILS_MS__seed10
[561/1350] OK RC2_2_1__S3_mixed_fleet_arc__ILS_MS__seed11
[562/1350] OK RC2_2_1__S3_mixed_fleet_arc__ILS_MS__seed12
[563/1350] OK RC2_2_1__S3_mixed_fleet_arc__ILS_MS__seed13
[564/1350] OK RC2_2_1__S3_mixed_fleet_arc__ILS_MS__seed14
[565/1350] OK RC2_2_1__S3_mixed_fleet_arc__ILS_MS__seed15
[566/1350] OK RC2_2_1__S3_mixed_fleet_arc__ILS_MS__seed16
[567/1350] OK RC2_2_1__S3_mixed_fleet_arc__ILS_MS__seed17
[568/1350] OK RC2_2_1__S3_mixed_fleet_arc__ILS_MS__seed18
[569/1350] OK RC2_2_1__S3_mixed_fleet_arc__ILS_MS__seed19
[570/1350] OK RC2_2_1__S3_mixed_fleet_arc__ILS_MS__seed20
[571/1350] OK RC2_2_5__S1_balanced__ILS_MS__seed01
[572/1350] OK RC2_2_5__S1_balanced__ILS_MS__seed02
[573/1350] OK RC2_2_5__S1_balanced__ILS_MS__seed03
[574/1350] OK RC2_2_5__S1_balanced__ILS_MS__seed04
[575/1350] OK RC2_2_5__S1_balanced__ILS_MS__seed05
[576/1350] OK RC2_2_5__S1_balanced__ILS_MS__seed06
[577/1350] OK RC2_2_5__S1_balanced__ILS_MS__seed07
[578/1350] OK RC2_2_5__S1_balanced__ILS_MS__seed08
[579/1350] OK RC2_2_5__S1_balanced__ILS_MS__seed09
[580/1350] OK RC2_2_5__S1_balanced__ILS_MS__seed10
[581/1350] OK RC2_2_5__S1_balanced__ILS_MS__seed11
[582/1350] OK RC2_2_5__S1_balanced__ILS_MS__seed12
[583/1350] OK RC2_2_5__S1_balanced__ILS_MS__seed13
[584/1350] OK RC2_2_5__S1_balanced__ILS_MS__seed14
[585/1350] OK RC2_2_5__S1_balanced__ILS_MS__seed15
[586/1350] OK RC2_2_5__S1_balanced__ILS_MS__seed16
[587/1350] OK RC2_2_5__S1_balanced__ILS_MS__seed17
[588/1350] OK RC2_2_5__S1_balanced__ILS_MS__seed18
[589/1350] OK RC2_2_5__S1_balanced__ILS_MS__seed19
[590/1350] OK RC2_2_5__S1_balanced__ILS_MS__seed20
[591/1350] OK RC2_2_5__S2_peak_dirty__ILS_MS__seed01
[592/1350] OK RC2_2_5__S2_peak_dirty__ILS_MS__seed02
[593/1350] OK RC2_2_5__S2_peak_dirty__ILS_MS__seed03
[594/1350] OK RC2_2_5__S2_peak_dirty__ILS_MS__seed04
[595/1350] OK RC2_2_5__S2_peak_dirty__ILS_MS__seed05
[596/1350] OK RC2_2_5__S2_peak_dirty__ILS_MS__seed06
[597/1350] OK RC2_2_5__S2_peak_dirty__ILS_MS__seed07
[598/1350] OK RC2_2_5__S2_peak_dirty__ILS_MS__seed08
[599/1350] OK RC2_2_5__S2_peak_dirty__ILS_MS__seed09
[600/1350] OK RC2_2_5__S2_peak_dirty__ILS_MS__seed10
[601/1350] OK RC2_2_5__S2_peak_dirty__ILS_MS__seed11
[602/1350] OK RC2_2_5__S2_peak_dirty__ILS_MS__seed12
[603/1350] OK RC2_2_5__S2_peak_dirty__ILS_MS__seed13
[604/1350] OK RC2_2_5__S2_peak_dirty__ILS_MS__seed14
[605/1350] OK RC2_2_5__S2_peak_dirty__ILS_MS__seed15
[606/1350] OK RC2_2_5__S2_peak_dirty__ILS_MS__seed16
[607/1350] OK RC2_2_5__S2_peak_dirty__ILS_MS__seed17
[608/1350] OK RC2_2_5__S2_peak_dirty__ILS_MS__seed18
[609/1350] OK RC2_2_5__S2_peak_dirty__ILS_MS__seed19
[610/1350] OK RC2_2_5__S2_peak_dirty__ILS_MS__seed20
[611/1350] OK RC2_2_5__S3_mixed_fleet_arc__ILS_MS__seed01
[612/1350] OK RC2_2_5__S3_mixed_fleet_arc__ILS_MS__seed02
[613/1350] OK RC2_2_5__S3_mixed_fleet_arc__ILS_MS__seed03
[614/1350] OK RC2_2_5__S3_mixed_fleet_arc__ILS_MS__seed04
[615/1350] OK RC2_2_5__S3_mixed_fleet_arc__ILS_MS__seed05
[616/1350] OK RC2_2_5__S3_mixed_fleet_arc__ILS_MS__seed06
[617/1350] OK RC2_2_5__S3_mixed_fleet_arc__ILS_MS__seed07
[618/1350] OK RC2_2_5__S3_mixed_fleet_arc__ILS_MS__seed08
[619/1350] OK RC2_2_5__S3_mixed_fleet_arc__ILS_MS__seed09
[620/1350] OK RC2_2_5__S3_mixed_fleet_arc__ILS_MS__seed10
[621/1350] OK RC2_2_5__S3_mixed_fleet_arc__ILS_MS__seed11
[622/1350] OK RC2_2_5__S3_mixed_fleet_arc__ILS_MS__seed12
[623/1350] OK RC2_2_5__S3_mixed_fleet_arc__ILS_MS__seed13
[624/1350] OK RC2_2_5__S3_mixed_fleet_arc__ILS_MS__seed14
[625/1350] OK RC2_2_5__S3_mixed_fleet_arc__ILS_MS__seed15
[626/1350] OK RC2_2_5__S3_mixed_fleet_arc__ILS_MS__seed16
[627/1350] OK RC2_2_5__S3_mixed_fleet_arc__ILS_MS__seed17
[628/1350] OK RC2_2_5__S3_mixed_fleet_arc__ILS_MS__seed18
[629/1350] OK RC2_2_5__S3_mixed_fleet_arc__ILS_MS__seed19
[630/1350] OK RC2_2_5__S3_mixed_fleet_arc__ILS_MS__seed20
[631/1350] OK C1_4_1__S1_balanced__ILS_MS__seed01
[632/1350] OK C1_4_1__S1_balanced__ILS_MS__seed02
[633/1350] OK C1_4_1__S1_balanced__ILS_MS__seed03
[634/1350] OK C1_4_1__S1_balanced__ILS_MS__seed04
[635/1350] OK C1_4_1__S1_balanced__ILS_MS__seed05
[636/1350] OK C1_4_1__S1_balanced__ILS_MS__seed06
[637/1350] OK C1_4_1__S1_balanced__ILS_MS__seed07
[638/1350] OK C1_4_1__S1_balanced__ILS_MS__seed08
[639/1350] OK C1_4_1__S1_balanced__ILS_MS__seed09
[640/1350] OK C1_4_1__S1_balanced__ILS_MS__seed10
[641/1350] OK C1_4_1__S1_balanced__ILS_MS__seed11
[642/1350] OK C1_4_1__S1_balanced__ILS_MS__seed12
[643/1350] OK C1_4_1__S1_balanced__ILS_MS__seed13
[644/1350] OK C1_4_1__S1_balanced__ILS_MS__seed14
[645/1350] OK C1_4_1__S1_balanced__ILS_MS__seed15
[646/1350] OK C1_4_1__S1_balanced__ILS_MS__seed16
[647/1350] OK C1_4_1__S1_balanced__ILS_MS__seed17
[648/1350] OK C1_4_1__S1_balanced__ILS_MS__seed18
[649/1350] OK C1_4_1__S1_balanced__ILS_MS__seed19
[650/1350] OK C1_4_1__S1_balanced__ILS_MS__seed20
[651/1350] OK C1_4_1__S2_peak_dirty__ILS_MS__seed01
[652/1350] OK C1_4_1__S2_peak_dirty__ILS_MS__seed02
[653/1350] OK C1_4_1__S2_peak_dirty__ILS_MS__seed03
[654/1350] OK C1_4_1__S2_peak_dirty__ILS_MS__seed04
[655/1350] OK C1_4_1__S2_peak_dirty__ILS_MS__seed05
[656/1350] OK C1_4_1__S2_peak_dirty__ILS_MS__seed06
[657/1350] OK C1_4_1__S2_peak_dirty__ILS_MS__seed07
[658/1350] OK C1_4_1__S2_peak_dirty__ILS_MS__seed08
[659/1350] OK C1_4_1__S2_peak_dirty__ILS_MS__seed09
[660/1350] OK C1_4_1__S2_peak_dirty__ILS_MS__seed10
[661/1350] OK C1_4_1__S2_peak_dirty__ILS_MS__seed11
[662/1350] OK C1_4_1__S2_peak_dirty__ILS_MS__seed12
[663/1350] OK C1_4_1__S2_peak_dirty__ILS_MS__seed13
[664/1350] OK C1_4_1__S2_peak_dirty__ILS_MS__seed14
[665/1350] OK C1_4_1__S2_peak_dirty__ILS_MS__seed15
[666/1350] OK C1_4_1__S2_peak_dirty__ILS_MS__seed16
[667/1350] OK C1_4_1__S2_peak_dirty__ILS_MS__seed17
[668/1350] OK C1_4_1__S2_peak_dirty__ILS_MS__seed18
[669/1350] OK C1_4_1__S2_peak_dirty__ILS_MS__seed19
[670/1350] OK C1_4_1__S2_peak_dirty__ILS_MS__seed20
[671/1350] OK C1_4_1__S3_mixed_fleet_arc__ILS_MS__seed01
[672/1350] OK C1_4_1__S3_mixed_fleet_arc__ILS_MS__seed02
[673/1350] OK C1_4_1__S3_mixed_fleet_arc__ILS_MS__seed03
[674/1350] OK C1_4_1__S3_mixed_fleet_arc__ILS_MS__seed04
[675/1350] OK C1_4_1__S3_mixed_fleet_arc__ILS_MS__seed05
[676/1350] OK C1_4_1__S3_mixed_fleet_arc__ILS_MS__seed06
[677/1350] OK C1_4_1__S3_mixed_fleet_arc__ILS_MS__seed07
[678/1350] OK C1_4_1__S3_mixed_fleet_arc__ILS_MS__seed08
[679/1350] OK C1_4_1__S3_mixed_fleet_arc__ILS_MS__seed09
[680/1350] OK C1_4_1__S3_mixed_fleet_arc__ILS_MS__seed10
[681/1350] OK C1_4_1__S3_mixed_fleet_arc__ILS_MS__seed11
[682/1350] OK C1_4_1__S3_mixed_fleet_arc__ILS_MS__seed12
[683/1350] OK C1_4_1__S3_mixed_fleet_arc__ILS_MS__seed13
[684/1350] OK C1_4_1__S3_mixed_fleet_arc__ILS_MS__seed14
[685/1350] OK C1_4_1__S3_mixed_fleet_arc__ILS_MS__seed15
[686/1350] OK C1_4_1__S3_mixed_fleet_arc__ILS_MS__seed16
[687/1350] OK C1_4_1__S3_mixed_fleet_arc__ILS_MS__seed17
[688/1350] OK C1_4_1__S3_mixed_fleet_arc__ILS_MS__seed18
[689/1350] OK C1_4_1__S3_mixed_fleet_arc__ILS_MS__seed19
[690/1350] OK C1_4_1__S3_mixed_fleet_arc__ILS_MS__seed20
[691/1350] OK C1_4_5__S1_balanced__ILS_MS__seed01
[692/1350] OK C1_4_5__S1_balanced__ILS_MS__seed02
[693/1350] OK C1_4_5__S1_balanced__ILS_MS__seed03
[694/1350] OK C1_4_5__S1_balanced__ILS_MS__seed04
[695/1350] OK C1_4_5__S1_balanced__ILS_MS__seed05
[696/1350] OK C1_4_5__S1_balanced__ILS_MS__seed06
[697/1350] OK C1_4_5__S1_balanced__ILS_MS__seed07
[698/1350] OK C1_4_5__S1_balanced__ILS_MS__seed08
[699/1350] OK C1_4_5__S1_balanced__ILS_MS__seed09
[700/1350] OK C1_4_5__S1_balanced__ILS_MS__seed10
[701/1350] OK C1_4_5__S1_balanced__ILS_MS__seed11
[702/1350] OK C1_4_5__S1_balanced__ILS_MS__seed12
[703/1350] OK C1_4_5__S1_balanced__ILS_MS__seed13
[704/1350] OK C1_4_5__S1_balanced__ILS_MS__seed14
[705/1350] OK C1_4_5__S1_balanced__ILS_MS__seed15
[706/1350] OK C1_4_5__S1_balanced__ILS_MS__seed16
[707/1350] OK C1_4_5__S1_balanced__ILS_MS__seed17
[708/1350] OK C1_4_5__S1_balanced__ILS_MS__seed18
[709/1350] OK C1_4_5__S1_balanced__ILS_MS__seed19
[710/1350] OK C1_4_5__S1_balanced__ILS_MS__seed20
[711/1350] OK C1_4_5__S2_peak_dirty__ILS_MS__seed01
[712/1350] OK C1_4_5__S2_peak_dirty__ILS_MS__seed02
[713/1350] OK C1_4_5__S2_peak_dirty__ILS_MS__seed03
[714/1350] OK C1_4_5__S2_peak_dirty__ILS_MS__seed04
[715/1350] OK C1_4_5__S2_peak_dirty__ILS_MS__seed05
[716/1350] OK C1_4_5__S2_peak_dirty__ILS_MS__seed06
[717/1350] OK C1_4_5__S2_peak_dirty__ILS_MS__seed07
[718/1350] OK C1_4_5__S2_peak_dirty__ILS_MS__seed08
[719/1350] OK C1_4_5__S2_peak_dirty__ILS_MS__seed09
[720/1350] OK C1_4_5__S2_peak_dirty__ILS_MS__seed10
[721/1350] OK C1_4_5__S2_peak_dirty__ILS_MS__seed11
[722/1350] OK C1_4_5__S2_peak_dirty__ILS_MS__seed12
[723/1350] OK C1_4_5__S2_peak_dirty__ILS_MS__seed13
[724/1350] OK C1_4_5__S2_peak_dirty__ILS_MS__seed14
[725/1350] OK C1_4_5__S2_peak_dirty__ILS_MS__seed15
[726/1350] OK C1_4_5__S2_peak_dirty__ILS_MS__seed16
[727/1350] OK C1_4_5__S2_peak_dirty__ILS_MS__seed17
[728/1350] OK C1_4_5__S2_peak_dirty__ILS_MS__seed18
[729/1350] OK C1_4_5__S2_peak_dirty__ILS_MS__seed19
[730/1350] OK C1_4_5__S2_peak_dirty__ILS_MS__seed20
[731/1350] OK C1_4_5__S3_mixed_fleet_arc__ILS_MS__seed01
[732/1350] OK C1_4_5__S3_mixed_fleet_arc__ILS_MS__seed02
[733/1350] OK C1_4_5__S3_mixed_fleet_arc__ILS_MS__seed03
[734/1350] OK C1_4_5__S3_mixed_fleet_arc__ILS_MS__seed04
[735/1350] OK C1_4_5__S3_mixed_fleet_arc__ILS_MS__seed05
[736/1350] OK C1_4_5__S3_mixed_fleet_arc__ILS_MS__seed06
[737/1350] OK C1_4_5__S3_mixed_fleet_arc__ILS_MS__seed07
[738/1350] OK C1_4_5__S3_mixed_fleet_arc__ILS_MS__seed08
[739/1350] OK C1_4_5__S3_mixed_fleet_arc__ILS_MS__seed09
[740/1350] OK C1_4_5__S3_mixed_fleet_arc__ILS_MS__seed10
[741/1350] OK C1_4_5__S3_mixed_fleet_arc__ILS_MS__seed11
[742/1350] OK C1_4_5__S3_mixed_fleet_arc__ILS_MS__seed12
[743/1350] OK C1_4_5__S3_mixed_fleet_arc__ILS_MS__seed13
[744/1350] OK C1_4_5__S3_mixed_fleet_arc__ILS_MS__seed14
[745/1350] OK C1_4_5__S3_mixed_fleet_arc__ILS_MS__seed15
[746/1350] OK C1_4_5__S3_mixed_fleet_arc__ILS_MS__seed16
[747/1350] OK C1_4_5__S3_mixed_fleet_arc__ILS_MS__seed17
[748/1350] OK C1_4_5__S3_mixed_fleet_arc__ILS_MS__seed18
[749/1350] OK C1_4_5__S3_mixed_fleet_arc__ILS_MS__seed19
[750/1350] OK C1_4_5__S3_mixed_fleet_arc__ILS_MS__seed20
[751/1350] OK C2_4_1__S1_balanced__ILS_MS__seed01
[752/1350] OK C2_4_1__S1_balanced__ILS_MS__seed02
[753/1350] OK C2_4_1__S1_balanced__ILS_MS__seed03
[754/1350] OK C2_4_1__S1_balanced__ILS_MS__seed04
[755/1350] OK C2_4_1__S1_balanced__ILS_MS__seed05
[756/1350] OK C2_4_1__S1_balanced__ILS_MS__seed06
[757/1350] OK C2_4_1__S1_balanced__ILS_MS__seed07
[758/1350] OK C2_4_1__S1_balanced__ILS_MS__seed08
[759/1350] OK C2_4_1__S1_balanced__ILS_MS__seed09
