[1/517] OK C2_4_5__S2_peak_dirty__StdDE__seed04
[2/517] OK C2_4_5__S2_peak_dirty__StdDE__seed05
[3/517] OK C2_4_5__S2_peak_dirty__StdDE__seed06
[4/517] OK C2_4_5__S2_peak_dirty__StdDE__seed07
[5/517] OK C2_4_5__S2_peak_dirty__StdDE__seed08
[6/517] OK C2_4_5__S2_peak_dirty__StdDE__seed09
[7/517] OK C2_4_5__S2_peak_dirty__StdDE__seed10
[8/517] OK C2_4_5__S2_peak_dirty__StdDE__seed11
[9/517] OK C2_4_5__S2_peak_dirty__StdDE__seed12
[10/517] OK C2_4_5__S2_peak_dirty__StdDE__seed13
[11/517] OK C2_4_5__S2_peak_dirty__StdDE__seed14
[12/517] OK C2_4_5__S2_peak_dirty__StdDE__seed15
[13/517] OK C2_4_5__S2_peak_dirty__StdDE__seed16
[14/517] OK C2_4_5__S2_peak_dirty__StdDE__seed17
[15/517] OK C2_4_5__S2_peak_dirty__StdDE__seed18
[16/517] OK C2_4_5__S2_peak_dirty__StdDE__seed19
[17/517] OK C2_4_5__S2_peak_dirty__StdDE__seed20
[18/517] OK C2_4_5__S3_mixed_fleet_arc__StdDE__seed01
[19/517] OK C2_4_5__S3_mixed_fleet_arc__StdDE__seed02
[20/517] OK C2_4_5__S3_mixed_fleet_arc__StdDE__seed03
[21/517] OK C2_4_5__S3_mixed_fleet_arc__StdDE__seed04
[22/517] OK C2_4_5__S3_mixed_fleet_arc__StdDE__seed05
[23/517] OK C2_4_5__S3_mixed_fleet_arc__StdDE__seed06
[24/517] OK C2_4_5__S3_mixed_fleet_arc__StdDE__seed07
[25/517] OK C2_4_5__S3_mixed_fleet_arc__StdDE__seed08
[26/517] OK C2_4_5__S3_mixed_fleet_arc__StdDE__seed09
[27/517] OK C2_4_5__S3_mixed_fleet_arc__StdDE__seed10
[28/517] OK C2_4_5__S3_mixed_fleet_arc__StdDE__seed11
[29/517] OK C2_4_5__S3_mixed_fleet_arc__StdDE__seed12
[30/517] OK C2_4_5__S3_mixed_fleet_arc__StdDE__seed13
[31/517] OK C2_4_5__S3_mixed_fleet_arc__StdDE__seed14
[32/517] OK C2_4_5__S3_mixed_fleet_arc__StdDE__seed15
[33/517] OK C2_4_5__S3_mixed_fleet_arc__StdDE__seed16
[34/517] OK C2_4_5__S3_mixed_fleet_arc__StdDE__seed17
[35/517] OK C2_4_5__S3_mixed_fleet_arc__StdDE__seed18
[36/517] OK C2_4_5__S3_mixed_fleet_arc__StdDE__seed19
[37/517] OK C2_4_5__S3_mixed_fleet_arc__StdDE__seed20
[38/517] OK R1_4_1__S1_balanced__StdDE__seed01
[39/517] OK R1_4_1__S1_balanced__StdDE__seed02
[40/517] OK R1_4_1__S1_balanced__StdDE__seed03
[41/517] OK R1_4_1__S1_balanced__StdDE__seed04
[42/517] OK R1_4_1__S1_balanced__StdDE__seed05
[43/517] OK R1_4_1__S1_balanced__StdDE__seed06
[44/517] OK R1_4_1__S1_balanced__StdDE__seed07
[45/517] OK R1_4_1__S1_balanced__StdDE__seed08
[46/517] OK R1_4_1__S1_balanced__StdDE__seed09
[47/517] OK R1_4_1__S1_balanced__StdDE__seed10
[48/517] OK R1_4_1__S1_balanced__StdDE__seed11
[49/517] OK R1_4_1__S1_balanced__StdDE__seed12
[50/517] OK R1_4_1__S1_balanced__StdDE__seed13
[51/517] OK R1_4_1__S1_balanced__StdDE__seed14
[52/517] OK R1_4_1__S1_balanced__StdDE__seed15
[53/517] OK R1_4_1__S1_balanced__StdDE__seed16
[54/517] OK R1_4_1__S1_balanced__StdDE__seed17
[55/517] OK R1_4_1__S1_balanced__StdDE__seed18
[56/517] OK R1_4_1__S1_balanced__StdDE__seed19
[57/517] OK R1_4_1__S1_balanced__StdDE__seed20
[58/517] OK R1_4_1__S2_peak_dirty__StdDE__seed01
[59/517] OK R1_4_1__S2_peak_dirty__StdDE__seed02
[60/517] OK R1_4_1__S2_peak_dirty__StdDE__seed03
[61/517] OK R1_4_1__S2_peak_dirty__StdDE__seed04
[62/517] OK R1_4_1__S2_peak_dirty__StdDE__seed05
[63/517] OK R1_4_1__S2_peak_dirty__StdDE__seed06
[64/517] OK R1_4_1__S2_peak_dirty__StdDE__seed07
[65/517] OK R1_4_1__S2_peak_dirty__StdDE__seed08
[66/517] OK R1_4_1__S2_peak_dirty__StdDE__seed09
[67/517] OK R1_4_1__S2_peak_dirty__StdDE__seed10
[68/517] OK R1_4_1__S2_peak_dirty__StdDE__seed11
[69/517] OK R1_4_1__S2_peak_dirty__StdDE__seed12
[70/517] OK R1_4_1__S2_peak_dirty__StdDE__seed13
[71/517] OK R1_4_1__S2_peak_dirty__StdDE__seed14
[72/517] OK R1_4_1__S2_peak_dirty__StdDE__seed15
[73/517] OK R1_4_1__S2_peak_dirty__StdDE__seed16
[74/517] OK R1_4_1__S2_peak_dirty__StdDE__seed17
[75/517] OK R1_4_1__S2_peak_dirty__StdDE__seed18
[76/517] OK R1_4_1__S2_peak_dirty__StdDE__seed19
[77/517] OK R1_4_1__S2_peak_dirty__StdDE__seed20
[78/517] OK R1_4_1__S3_mixed_fleet_arc__StdDE__seed01
[79/517] OK R1_4_1__S3_mixed_fleet_arc__StdDE__seed02
[80/517] OK R1_4_1__S3_mixed_fleet_arc__StdDE__seed03
[81/517] OK R1_4_1__S3_mixed_fleet_arc__StdDE__seed04
[82/517] OK R1_4_1__S3_mixed_fleet_arc__StdDE__seed05
[83/517] OK R1_4_1__S3_mixed_fleet_arc__StdDE__seed06
