[1/1588] OK C201__S2_peak_dirty__A2_NoJDE__seed13
[2/1588] OK C201__S2_peak_dirty__A2_NoJDE__seed14
[3/1588] OK C201__S2_peak_dirty__A2_NoJDE__seed15
[4/1588] OK C201__S2_peak_dirty__A2_NoJDE__seed16
[5/1588] OK C201__S2_peak_dirty__A2_NoJDE__seed17
[6/1588] OK C201__S2_peak_dirty__A2_NoJDE__seed18
[7/1588] OK C201__S2_peak_dirty__A2_NoJDE__seed19
[8/1588] OK C201__S2_peak_dirty__A2_NoJDE__seed20
[9/1588] OK C201__S3_mixed_fleet_arc__A2_NoJDE__seed01
[10/1588] OK C201__S3_mixed_fleet_arc__A2_NoJDE__seed02
[11/1588] OK C201__S3_mixed_fleet_arc__A2_NoJDE__seed03
[12/1588] OK C201__S3_mixed_fleet_arc__A2_NoJDE__seed04
[13/1588] OK C201__S3_mixed_fleet_arc__A2_NoJDE__seed05
[14/1588] OK C201__S3_mixed_fleet_arc__A2_NoJDE__seed06
[15/1588] OK C201__S3_mixed_fleet_arc__A2_NoJDE__seed07
[16/1588] OK C201__S3_mixed_fleet_arc__A2_NoJDE__seed08
[17/1588] OK C201__S3_mixed_fleet_arc__A2_NoJDE__seed09
[18/1588] OK C201__S3_mixed_fleet_arc__A2_NoJDE__seed10
[19/1588] OK C201__S3_mixed_fleet_arc__A2_NoJDE__seed11
[20/1588] OK C201__S3_mixed_fleet_arc__A2_NoJDE__seed12
[21/1588] OK C201__S3_mixed_fleet_arc__A2_NoJDE__seed13
[22/1588] OK C201__S3_mixed_fleet_arc__A2_NoJDE__seed14
[23/1588] OK C201__S3_mixed_fleet_arc__A2_NoJDE__seed15
[24/1588] OK C201__S3_mixed_fleet_arc__A2_NoJDE__seed16
[25/1588] OK C201__S3_mixed_fleet_arc__A2_NoJDE__seed17
[26/1588] OK C201__S3_mixed_fleet_arc__A2_NoJDE__seed18
[27/1588] OK C201__S3_mixed_fleet_arc__A2_NoJDE__seed19
[28/1588] OK C201__S3_mixed_fleet_arc__A2_NoJDE__seed20
[29/1588] OK R201__S1_balanced__A2_NoJDE__seed01
[30/1588] OK R201__S1_balanced__A2_NoJDE__seed02
[31/1588] OK R201__S1_balanced__A2_NoJDE__seed03
[32/1588] OK R201__S1_balanced__A2_NoJDE__seed04
[33/1588] OK R201__S1_balanced__A2_NoJDE__seed05
[34/1588] OK R201__S1_balanced__A2_NoJDE__seed06
[35/1588] OK R201__S1_balanced__A2_NoJDE__seed07
[36/1588] OK R201__S1_balanced__A2_NoJDE__seed08
[37/1588] OK R201__S1_balanced__A2_NoJDE__seed09
[38/1588] OK R201__S1_balanced__A2_NoJDE__seed10
[39/1588] OK R201__S1_balanced__A2_NoJDE__seed11
[40/1588] OK R201__S1_balanced__A2_NoJDE__seed12
[41/1588] OK R201__S1_balanced__A2_NoJDE__seed13
[42/1588] OK R201__S1_balanced__A2_NoJDE__seed14
[43/1588] OK R201__S1_balanced__A2_NoJDE__seed15
[44/1588] OK R201__S1_balanced__A2_NoJDE__seed16
[45/1588] OK R201__S1_balanced__A2_NoJDE__seed17
[46/1588] OK R201__S1_balanced__A2_NoJDE__seed18
[47/1588] OK R201__S1_balanced__A2_NoJDE__seed19
[48/1588] OK R201__S1_balanced__A2_NoJDE__seed20
[49/1588] OK R201__S2_peak_dirty__A2_NoJDE__seed01
[50/1588] OK R201__S2_peak_dirty__A2_NoJDE__seed02
[51/1588] OK R201__S2_peak_dirty__A2_NoJDE__seed03
[52/1588] OK R201__S2_peak_dirty__A2_NoJDE__seed04
[53/1588] OK R201__S2_peak_dirty__A2_NoJDE__seed05
[54/1588] OK R201__S2_peak_dirty__A2_NoJDE__seed06
[55/1588] OK R201__S2_peak_dirty__A2_NoJDE__seed07
[56/1588] OK R201__S2_peak_dirty__A2_NoJDE__seed08
[57/1588] OK R201__S2_peak_dirty__A2_NoJDE__seed09
[58/1588] OK R201__S2_peak_dirty__A2_NoJDE__seed10
[59/1588] OK R201__S2_peak_dirty__A2_NoJDE__seed11
[60/1588] OK R201__S2_peak_dirty__A2_NoJDE__seed12
[61/1588] OK R201__S2_peak_dirty__A2_NoJDE__seed13
[62/1588] OK R201__S2_peak_dirty__A2_NoJDE__seed14
[63/1588] OK R201__S2_peak_dirty__A2_NoJDE__seed15
[64/1588] OK R201__S2_peak_dirty__A2_NoJDE__seed16
[65/1588] OK R201__S2_peak_dirty__A2_NoJDE__seed17
[66/1588] OK R201__S2_peak_dirty__A2_NoJDE__seed18
[67/1588] OK R201__S2_peak_dirty__A2_NoJDE__seed19
[68/1588] OK R201__S2_peak_dirty__A2_NoJDE__seed20
[69/1588] OK R201__S3_mixed_fleet_arc__A2_NoJDE__seed01
[70/1588] OK R201__S3_mixed_fleet_arc__A2_NoJDE__seed02
[71/1588] OK R201__S3_mixed_fleet_arc__A2_NoJDE__seed03
[72/1588] OK R201__S3_mixed_fleet_arc__A2_NoJDE__seed04
[73/1588] OK R201__S3_mixed_fleet_arc__A2_NoJDE__seed05
[74/1588] OK R201__S3_mixed_fleet_arc__A2_NoJDE__seed06
[75/1588] OK R201__S3_mixed_fleet_arc__A2_NoJDE__seed07
[76/1588] OK R201__S3_mixed_fleet_arc__A2_NoJDE__seed08
[77/1588] OK R201__S3_mixed_fleet_arc__A2_NoJDE__seed09
[78/1588] OK R201__S3_mixed_fleet_arc__A2_NoJDE__seed10
[79/1588] OK R201__S3_mixed_fleet_arc__A2_NoJDE__seed11
[80/1588] OK R201__S3_mixed_fleet_arc__A2_NoJDE__seed12
[81/1588] OK R201__S3_mixed_fleet_arc__A2_NoJDE__seed13
[82/1588] OK R201__S3_mixed_fleet_arc__A2_NoJDE__seed14
[83/1588] OK R201__S3_mixed_fleet_arc__A2_NoJDE__seed15
[84/1588] OK R201__S3_mixed_fleet_arc__A2_NoJDE__seed16
[85/1588] OK R201__S3_mixed_fleet_arc__A2_NoJDE__seed17
[86/1588] OK R201__S3_mixed_fleet_arc__A2_NoJDE__seed18
[87/1588] OK R201__S3_mixed_fleet_arc__A2_NoJDE__seed19
[88/1588] OK R201__S3_mixed_fleet_arc__A2_NoJDE__seed20
[89/1588] OK RC201__S1_balanced__A2_NoJDE__seed01
[90/1588] OK RC201__S1_balanced__A2_NoJDE__seed02
[91/1588] OK RC201__S1_balanced__A2_NoJDE__seed03
[92/1588] OK RC201__S1_balanced__A2_NoJDE__seed04
[93/1588] OK RC201__S1_balanced__A2_NoJDE__seed05
[94/1588] OK RC201__S1_balanced__A2_NoJDE__seed06
[95/1588] OK RC201__S1_balanced__A2_NoJDE__seed07
[96/1588] OK RC201__S1_balanced__A2_NoJDE__seed08
[97/1588] OK RC201__S1_balanced__A2_NoJDE__seed09
[98/1588] OK RC201__S1_balanced__A2_NoJDE__seed10
[99/1588] OK RC201__S1_balanced__A2_NoJDE__seed11
[100/1588] OK RC201__S1_balanced__A2_NoJDE__seed12
[101/1588] OK RC201__S1_balanced__A2_NoJDE__seed13
[102/1588] OK RC201__S1_balanced__A2_NoJDE__seed14
[103/1588] OK RC201__S1_balanced__A2_NoJDE__seed15
[104/1588] OK RC201__S1_balanced__A2_NoJDE__seed16
[105/1588] OK RC201__S1_balanced__A2_NoJDE__seed17
[106/1588] OK RC201__S1_balanced__A2_NoJDE__seed18
[107/1588] OK RC201__S1_balanced__A2_NoJDE__seed19
[108/1588] OK RC201__S1_balanced__A2_NoJDE__seed20
[109/1588] OK RC201__S2_peak_dirty__A2_NoJDE__seed01
[110/1588] OK RC201__S2_peak_dirty__A2_NoJDE__seed02
[111/1588] OK RC201__S2_peak_dirty__A2_NoJDE__seed03
[112/1588] OK RC201__S2_peak_dirty__A2_NoJDE__seed04
[113/1588] OK RC201__S2_peak_dirty__A2_NoJDE__seed05
[114/1588] OK RC201__S2_peak_dirty__A2_NoJDE__seed06
[115/1588] OK RC201__S2_peak_dirty__A2_NoJDE__seed07
[116/1588] OK RC201__S2_peak_dirty__A2_NoJDE__seed08
[117/1588] OK RC201__S2_peak_dirty__A2_NoJDE__seed09
[118/1588] OK RC201__S2_peak_dirty__A2_NoJDE__seed10
[119/1588] OK RC201__S2_peak_dirty__A2_NoJDE__seed11
[120/1588] OK RC201__S2_peak_dirty__A2_NoJDE__seed12
[121/1588] OK RC201__S2_peak_dirty__A2_NoJDE__seed13
[122/1588] OK RC201__S2_peak_dirty__A2_NoJDE__seed14
[123/1588] OK RC201__S2_peak_dirty__A2_NoJDE__seed15
[124/1588] OK RC201__S2_peak_dirty__A2_NoJDE__seed16
[125/1588] OK RC201__S2_peak_dirty__A2_NoJDE__seed17
[126/1588] OK RC201__S2_peak_dirty__A2_NoJDE__seed18
[127/1588] OK RC201__S2_peak_dirty__A2_NoJDE__seed19
[128/1588] OK RC201__S2_peak_dirty__A2_NoJDE__seed20
[129/1588] OK RC201__S3_mixed_fleet_arc__A2_NoJDE__seed01
[130/1588] OK RC201__S3_mixed_fleet_arc__A2_NoJDE__seed02
[131/1588] OK RC201__S3_mixed_fleet_arc__A2_NoJDE__seed03
[132/1588] OK RC201__S3_mixed_fleet_arc__A2_NoJDE__seed04
[133/1588] OK RC201__S3_mixed_fleet_arc__A2_NoJDE__seed05
[134/1588] OK RC201__S3_mixed_fleet_arc__A2_NoJDE__seed06
[135/1588] OK RC201__S3_mixed_fleet_arc__A2_NoJDE__seed07
[136/1588] OK RC201__S3_mixed_fleet_arc__A2_NoJDE__seed08
[137/1588] OK RC201__S3_mixed_fleet_arc__A2_NoJDE__seed09
[138/1588] OK RC201__S3_mixed_fleet_arc__A2_NoJDE__seed10
[139/1588] OK RC201__S3_mixed_fleet_arc__A2_NoJDE__seed11
[140/1588] OK RC201__S3_mixed_fleet_arc__A2_NoJDE__seed12
[141/1588] OK RC201__S3_mixed_fleet_arc__A2_NoJDE__seed13
[142/1588] OK RC201__S3_mixed_fleet_arc__A2_NoJDE__seed14
[143/1588] OK RC201__S3_mixed_fleet_arc__A2_NoJDE__seed15
[144/1588] OK RC201__S3_mixed_fleet_arc__A2_NoJDE__seed16
[145/1588] OK RC201__S3_mixed_fleet_arc__A2_NoJDE__seed17
[146/1588] OK RC201__S3_mixed_fleet_arc__A2_NoJDE__seed18
[147/1588] OK RC201__S3_mixed_fleet_arc__A2_NoJDE__seed19
[148/1588] OK RC201__S3_mixed_fleet_arc__A2_NoJDE__seed20
[149/1588] OK C1_2_1__S1_balanced__A2_NoJDE__seed01
[150/1588] OK C1_2_1__S1_balanced__A2_NoJDE__seed02
[151/1588] OK C1_2_1__S1_balanced__A2_NoJDE__seed03
[152/1588] OK C1_2_1__S1_balanced__A2_NoJDE__seed04
[153/1588] OK C1_2_1__S1_balanced__A2_NoJDE__seed05
[154/1588] OK C1_2_1__S1_balanced__A2_NoJDE__seed06
[155/1588] OK C1_2_1__S1_balanced__A2_NoJDE__seed07
[156/1588] OK C1_2_1__S1_balanced__A2_NoJDE__seed08
[157/1588] OK C1_2_1__S1_balanced__A2_NoJDE__seed09
[158/1588] OK C1_2_1__S1_balanced__A2_NoJDE__seed10
[159/1588] OK C1_2_1__S1_balanced__A2_NoJDE__seed11
[160/1588] OK C1_2_1__S1_balanced__A2_NoJDE__seed12
[161/1588] OK C1_2_1__S1_balanced__A2_NoJDE__seed13
[162/1588] OK C1_2_1__S1_balanced__A2_NoJDE__seed14
[163/1588] OK C1_2_1__S1_balanced__A2_NoJDE__seed15
[164/1588] OK C1_2_1__S1_balanced__A2_NoJDE__seed16
[165/1588] OK C1_2_1__S1_balanced__A2_NoJDE__seed17
[166/1588] OK C1_2_1__S1_balanced__A2_NoJDE__seed18
[167/1588] OK C1_2_1__S1_balanced__A2_NoJDE__seed19
[168/1588] OK C1_2_1__S1_balanced__A2_NoJDE__seed20
[169/1588] OK C1_2_1__S2_peak_dirty__A2_NoJDE__seed01
[170/1588] OK C1_2_1__S2_peak_dirty__A2_NoJDE__seed02
[171/1588] OK C1_2_1__S2_peak_dirty__A2_NoJDE__seed03
[172/1588] OK C1_2_1__S2_peak_dirty__A2_NoJDE__seed04
[173/1588] OK C1_2_1__S2_peak_dirty__A2_NoJDE__seed05
[174/1588] OK C1_2_1__S2_peak_dirty__A2_NoJDE__seed06
[175/1588] OK C1_2_1__S2_peak_dirty__A2_NoJDE__seed07
[176/1588] OK C1_2_1__S2_peak_dirty__A2_NoJDE__seed08
[177/1588] OK C1_2_1__S2_peak_dirty__A2_NoJDE__seed09
[178/1588] OK C1_2_1__S2_peak_dirty__A2_NoJDE__seed10
[179/1588] OK C1_2_1__S2_peak_dirty__A2_NoJDE__seed11
[180/1588] OK C1_2_1__S2_peak_dirty__A2_NoJDE__seed12
[181/1588] OK C1_2_1__S2_peak_dirty__A2_NoJDE__seed13
[182/1588] OK C1_2_1__S2_peak_dirty__A2_NoJDE__seed14
[183/1588] OK C1_2_1__S2_peak_dirty__A2_NoJDE__seed15
[184/1588] OK C1_2_1__S2_peak_dirty__A2_NoJDE__seed16
[185/1588] OK C1_2_1__S2_peak_dirty__A2_NoJDE__seed17
[186/1588] OK C1_2_1__S2_peak_dirty__A2_NoJDE__seed18
[187/1588] OK C1_2_1__S2_peak_dirty__A2_NoJDE__seed19
[188/1588] OK C1_2_1__S2_peak_dirty__A2_NoJDE__seed20
[189/1588] OK C1_2_1__S3_mixed_fleet_arc__A2_NoJDE__seed01
[190/1588] OK C1_2_1__S3_mixed_fleet_arc__A2_NoJDE__seed02
[191/1588] OK C1_2_1__S3_mixed_fleet_arc__A2_NoJDE__seed03
[192/1588] OK C1_2_1__S3_mixed_fleet_arc__A2_NoJDE__seed04
[193/1588] OK C1_2_1__S3_mixed_fleet_arc__A2_NoJDE__seed05
[194/1588] OK C1_2_1__S3_mixed_fleet_arc__A2_NoJDE__seed06
[195/1588] OK C1_2_1__S3_mixed_fleet_arc__A2_NoJDE__seed07
[196/1588] OK C1_2_1__S3_mixed_fleet_arc__A2_NoJDE__seed08
[197/1588] OK C1_2_1__S3_mixed_fleet_arc__A2_NoJDE__seed09
[198/1588] OK C1_2_1__S3_mixed_fleet_arc__A2_NoJDE__seed10
[199/1588] OK C1_2_1__S3_mixed_fleet_arc__A2_NoJDE__seed11
[200/1588] OK C1_2_1__S3_mixed_fleet_arc__A2_NoJDE__seed12
[201/1588] OK C1_2_1__S3_mixed_fleet_arc__A2_NoJDE__seed13
[202/1588] OK C1_2_1__S3_mixed_fleet_arc__A2_NoJDE__seed14
[203/1588] OK C1_2_1__S3_mixed_fleet_arc__A2_NoJDE__seed15
[204/1588] OK C1_2_1__S3_mixed_fleet_arc__A2_NoJDE__seed16
[205/1588] OK C1_2_1__S3_mixed_fleet_arc__A2_NoJDE__seed17
[206/1588] OK C1_2_1__S3_mixed_fleet_arc__A2_NoJDE__seed18
[207/1588] OK C1_2_1__S3_mixed_fleet_arc__A2_NoJDE__seed19
[208/1588] OK C1_2_1__S3_mixed_fleet_arc__A2_NoJDE__seed20
[209/1588] OK C1_2_5__S1_balanced__A2_NoJDE__seed01
[210/1588] OK C1_2_5__S1_balanced__A2_NoJDE__seed02
[211/1588] OK C1_2_5__S1_balanced__A2_NoJDE__seed03
[212/1588] OK C1_2_5__S1_balanced__A2_NoJDE__seed04
[213/1588] OK C1_2_5__S1_balanced__A2_NoJDE__seed05
[214/1588] OK C1_2_5__S1_balanced__A2_NoJDE__seed06
[215/1588] OK C1_2_5__S1_balanced__A2_NoJDE__seed07
[216/1588] OK C1_2_5__S1_balanced__A2_NoJDE__seed08
[217/1588] OK C1_2_5__S1_balanced__A2_NoJDE__seed09
[218/1588] OK C1_2_5__S1_balanced__A2_NoJDE__seed10
[219/1588] OK C1_2_5__S1_balanced__A2_NoJDE__seed11
[220/1588] OK C1_2_5__S1_balanced__A2_NoJDE__seed12
[221/1588] OK C1_2_5__S1_balanced__A2_NoJDE__seed13
[222/1588] OK C1_2_5__S1_balanced__A2_NoJDE__seed14
[223/1588] OK C1_2_5__S1_balanced__A2_NoJDE__seed15
[224/1588] OK C1_2_5__S1_balanced__A2_NoJDE__seed16
[225/1588] OK C1_2_5__S1_balanced__A2_NoJDE__seed17
[226/1588] OK C1_2_5__S1_balanced__A2_NoJDE__seed18
[227/1588] OK C1_2_5__S1_balanced__A2_NoJDE__seed19
[228/1588] OK C1_2_5__S1_balanced__A2_NoJDE__seed20
[229/1588] OK C1_2_5__S2_peak_dirty__A2_NoJDE__seed01
[230/1588] OK C1_2_5__S2_peak_dirty__A2_NoJDE__seed02
[231/1588] OK C1_2_5__S2_peak_dirty__A2_NoJDE__seed03
[232/1588] OK C1_2_5__S2_peak_dirty__A2_NoJDE__seed04
[233/1588] OK C1_2_5__S2_peak_dirty__A2_NoJDE__seed05
[234/1588] OK C1_2_5__S2_peak_dirty__A2_NoJDE__seed06
[235/1588] OK C1_2_5__S2_peak_dirty__A2_NoJDE__seed07
[236/1588] OK C1_2_5__S2_peak_dirty__A2_NoJDE__seed08
[237/1588] OK C1_2_5__S2_peak_dirty__A2_NoJDE__seed09
[238/1588] OK C1_2_5__S2_peak_dirty__A2_NoJDE__seed10
