[1/2160] OK C101__S1_balanced__A1_NoSeed__seed01
[2/2160] OK C101__S1_balanced__A1_NoSeed__seed02
[3/2160] OK C101__S1_balanced__A1_NoSeed__seed03
[4/2160] OK C101__S1_balanced__A1_NoSeed__seed04
[5/2160] OK C101__S1_balanced__A1_NoSeed__seed05
[6/2160] OK C101__S1_balanced__A1_NoSeed__seed06
[7/2160] OK C101__S1_balanced__A1_NoSeed__seed07
[8/2160] OK C101__S1_balanced__A1_NoSeed__seed08
[9/2160] OK C101__S1_balanced__A1_NoSeed__seed09
[10/2160] OK C101__S1_balanced__A1_NoSeed__seed10
[11/2160] OK C101__S1_balanced__A1_NoSeed__seed11
[12/2160] OK C101__S1_balanced__A1_NoSeed__seed12
[13/2160] OK C101__S1_balanced__A1_NoSeed__seed13
[14/2160] OK C101__S1_balanced__A1_NoSeed__seed14
[15/2160] OK C101__S1_balanced__A1_NoSeed__seed15
[16/2160] OK C101__S1_balanced__A1_NoSeed__seed16
[17/2160] OK C101__S1_balanced__A1_NoSeed__seed17
[18/2160] OK C101__S1_balanced__A1_NoSeed__seed18
[19/2160] OK C101__S1_balanced__A1_NoSeed__seed19
[20/2160] OK C101__S1_balanced__A1_NoSeed__seed20
[21/2160] OK C101__S2_peak_dirty__A1_NoSeed__seed01
[22/2160] OK C101__S2_peak_dirty__A1_NoSeed__seed02
[23/2160] OK C101__S2_peak_dirty__A1_NoSeed__seed03
[24/2160] OK C101__S2_peak_dirty__A1_NoSeed__seed04
[25/2160] OK C101__S2_peak_dirty__A1_NoSeed__seed05
[26/2160] OK C101__S2_peak_dirty__A1_NoSeed__seed06
[27/2160] OK C101__S2_peak_dirty__A1_NoSeed__seed07
[28/2160] OK C101__S2_peak_dirty__A1_NoSeed__seed08
[29/2160] OK C101__S2_peak_dirty__A1_NoSeed__seed09
[30/2160] OK C101__S2_peak_dirty__A1_NoSeed__seed10
[31/2160] OK C101__S2_peak_dirty__A1_NoSeed__seed11
[32/2160] OK C101__S2_peak_dirty__A1_NoSeed__seed12
[33/2160] OK C101__S2_peak_dirty__A1_NoSeed__seed13
[34/2160] OK C101__S2_peak_dirty__A1_NoSeed__seed14
[35/2160] OK C101__S2_peak_dirty__A1_NoSeed__seed15
[36/2160] OK C101__S2_peak_dirty__A1_NoSeed__seed16
[37/2160] OK C101__S2_peak_dirty__A1_NoSeed__seed17
[38/2160] OK C101__S2_peak_dirty__A1_NoSeed__seed18
[39/2160] OK C101__S2_peak_dirty__A1_NoSeed__seed19
[40/2160] OK C101__S2_peak_dirty__A1_NoSeed__seed20
[41/2160] OK C101__S3_mixed_fleet_arc__A1_NoSeed__seed01
[42/2160] OK C101__S3_mixed_fleet_arc__A1_NoSeed__seed02
[43/2160] OK C101__S3_mixed_fleet_arc__A1_NoSeed__seed03
[44/2160] OK C101__S3_mixed_fleet_arc__A1_NoSeed__seed04
[45/2160] OK C101__S3_mixed_fleet_arc__A1_NoSeed__seed05
[46/2160] OK C101__S3_mixed_fleet_arc__A1_NoSeed__seed06
[47/2160] OK C101__S3_mixed_fleet_arc__A1_NoSeed__seed07
[48/2160] OK C101__S3_mixed_fleet_arc__A1_NoSeed__seed08
[49/2160] OK C101__S3_mixed_fleet_arc__A1_NoSeed__seed09
[50/2160] OK C101__S3_mixed_fleet_arc__A1_NoSeed__seed10
[51/2160] OK C101__S3_mixed_fleet_arc__A1_NoSeed__seed11
[52/2160] OK C101__S3_mixed_fleet_arc__A1_NoSeed__seed12
[53/2160] OK C101__S3_mixed_fleet_arc__A1_NoSeed__seed13
[54/2160] OK C101__S3_mixed_fleet_arc__A1_NoSeed__seed14
[55/2160] OK C101__S3_mixed_fleet_arc__A1_NoSeed__seed15
[56/2160] OK C101__S3_mixed_fleet_arc__A1_NoSeed__seed16
[57/2160] OK C101__S3_mixed_fleet_arc__A1_NoSeed__seed17
[58/2160] OK C101__S3_mixed_fleet_arc__A1_NoSeed__seed18
[59/2160] OK C101__S3_mixed_fleet_arc__A1_NoSeed__seed19
[60/2160] OK C101__S3_mixed_fleet_arc__A1_NoSeed__seed20
[61/2160] OK C104__S1_balanced__A1_NoSeed__seed01
[62/2160] OK C104__S1_balanced__A1_NoSeed__seed02
[63/2160] OK C104__S1_balanced__A1_NoSeed__seed03
[64/2160] OK C104__S1_balanced__A1_NoSeed__seed04
[65/2160] OK C104__S1_balanced__A1_NoSeed__seed05
[66/2160] OK C104__S1_balanced__A1_NoSeed__seed06
[67/2160] OK C104__S1_balanced__A1_NoSeed__seed07
[68/2160] OK C104__S1_balanced__A1_NoSeed__seed08
[69/2160] OK C104__S1_balanced__A1_NoSeed__seed09
[70/2160] OK C104__S1_balanced__A1_NoSeed__seed10
[71/2160] OK C104__S1_balanced__A1_NoSeed__seed11
[72/2160] OK C104__S1_balanced__A1_NoSeed__seed12
[73/2160] OK C104__S1_balanced__A1_NoSeed__seed13
[74/2160] OK C104__S1_balanced__A1_NoSeed__seed14
[75/2160] OK C104__S1_balanced__A1_NoSeed__seed15
[76/2160] OK C104__S1_balanced__A1_NoSeed__seed16
[77/2160] OK C104__S1_balanced__A1_NoSeed__seed17
[78/2160] OK C104__S1_balanced__A1_NoSeed__seed18
[79/2160] OK C104__S1_balanced__A1_NoSeed__seed19
[80/2160] OK C104__S1_balanced__A1_NoSeed__seed20
[81/2160] OK C104__S2_peak_dirty__A1_NoSeed__seed01
[82/2160] OK C104__S2_peak_dirty__A1_NoSeed__seed02
[83/2160] OK C104__S2_peak_dirty__A1_NoSeed__seed03
[84/2160] OK C104__S2_peak_dirty__A1_NoSeed__seed04
[85/2160] OK C104__S2_peak_dirty__A1_NoSeed__seed05
[86/2160] OK C104__S2_peak_dirty__A1_NoSeed__seed06
[87/2160] OK C104__S2_peak_dirty__A1_NoSeed__seed07
[88/2160] OK C104__S2_peak_dirty__A1_NoSeed__seed08
[89/2160] OK C104__S2_peak_dirty__A1_NoSeed__seed09
[90/2160] OK C104__S2_peak_dirty__A1_NoSeed__seed10
[91/2160] OK C104__S2_peak_dirty__A1_NoSeed__seed11
[92/2160] OK C104__S2_peak_dirty__A1_NoSeed__seed12
[93/2160] OK C104__S2_peak_dirty__A1_NoSeed__seed13
[94/2160] OK C104__S2_peak_dirty__A1_NoSeed__seed14
[95/2160] OK C104__S2_peak_dirty__A1_NoSeed__seed15
[96/2160] OK C104__S2_peak_dirty__A1_NoSeed__seed16
[97/2160] OK C104__S2_peak_dirty__A1_NoSeed__seed17
[98/2160] OK C104__S2_peak_dirty__A1_NoSeed__seed18
[99/2160] OK C104__S2_peak_dirty__A1_NoSeed__seed19
[100/2160] OK C104__S2_peak_dirty__A1_NoSeed__seed20
[101/2160] OK C104__S3_mixed_fleet_arc__A1_NoSeed__seed01
[102/2160] OK C104__S3_mixed_fleet_arc__A1_NoSeed__seed02
[103/2160] OK C104__S3_mixed_fleet_arc__A1_NoSeed__seed03
[104/2160] OK C104__S3_mixed_fleet_arc__A1_NoSeed__seed04
[105/2160] OK C104__S3_mixed_fleet_arc__A1_NoSeed__seed05
[106/2160] OK C104__S3_mixed_fleet_arc__A1_NoSeed__seed06
[107/2160] OK C104__S3_mixed_fleet_arc__A1_NoSeed__seed07
[108/2160] OK C104__S3_mixed_fleet_arc__A1_NoSeed__seed08
[109/2160] OK C104__S3_mixed_fleet_arc__A1_NoSeed__seed09
[110/2160] OK C104__S3_mixed_fleet_arc__A1_NoSeed__seed10
[111/2160] OK C104__S3_mixed_fleet_arc__A1_NoSeed__seed11
[112/2160] OK C104__S3_mixed_fleet_arc__A1_NoSeed__seed12
[113/2160] OK C104__S3_mixed_fleet_arc__A1_NoSeed__seed13
[114/2160] OK C104__S3_mixed_fleet_arc__A1_NoSeed__seed14
[115/2160] OK C104__S3_mixed_fleet_arc__A1_NoSeed__seed15
[116/2160] OK C104__S3_mixed_fleet_arc__A1_NoSeed__seed16
[117/2160] OK C104__S3_mixed_fleet_arc__A1_NoSeed__seed17
[118/2160] OK C104__S3_mixed_fleet_arc__A1_NoSeed__seed18
[119/2160] OK C104__S3_mixed_fleet_arc__A1_NoSeed__seed19
[120/2160] OK C104__S3_mixed_fleet_arc__A1_NoSeed__seed20
[121/2160] OK C109__S1_balanced__A1_NoSeed__seed01
[122/2160] OK C109__S1_balanced__A1_NoSeed__seed02
[123/2160] OK C109__S1_balanced__A1_NoSeed__seed03
[124/2160] OK C109__S1_balanced__A1_NoSeed__seed04
[125/2160] OK C109__S1_balanced__A1_NoSeed__seed05
[126/2160] OK C109__S1_balanced__A1_NoSeed__seed06
[127/2160] OK C109__S1_balanced__A1_NoSeed__seed07
[128/2160] OK C109__S1_balanced__A1_NoSeed__seed08
[129/2160] OK C109__S1_balanced__A1_NoSeed__seed09
[130/2160] OK C109__S1_balanced__A1_NoSeed__seed10
[131/2160] OK C109__S1_balanced__A1_NoSeed__seed11
[132/2160] OK C109__S1_balanced__A1_NoSeed__seed12
[133/2160] OK C109__S1_balanced__A1_NoSeed__seed13
[134/2160] OK C109__S1_balanced__A1_NoSeed__seed14
[135/2160] OK C109__S1_balanced__A1_NoSeed__seed15
[136/2160] OK C109__S1_balanced__A1_NoSeed__seed16
[137/2160] OK C109__S1_balanced__A1_NoSeed__seed17
[138/2160] OK C109__S1_balanced__A1_NoSeed__seed18
[139/2160] OK C109__S1_balanced__A1_NoSeed__seed19
[140/2160] OK C109__S1_balanced__A1_NoSeed__seed20
[141/2160] OK C109__S2_peak_dirty__A1_NoSeed__seed01
[142/2160] OK C109__S2_peak_dirty__A1_NoSeed__seed02
[143/2160] OK C109__S2_peak_dirty__A1_NoSeed__seed03
[144/2160] OK C109__S2_peak_dirty__A1_NoSeed__seed04
[145/2160] OK C109__S2_peak_dirty__A1_NoSeed__seed05
[146/2160] OK C109__S2_peak_dirty__A1_NoSeed__seed06
[147/2160] OK C109__S2_peak_dirty__A1_NoSeed__seed07
[148/2160] OK C109__S2_peak_dirty__A1_NoSeed__seed08
[149/2160] OK C109__S2_peak_dirty__A1_NoSeed__seed09
[150/2160] OK C109__S2_peak_dirty__A1_NoSeed__seed10
[151/2160] OK C109__S2_peak_dirty__A1_NoSeed__seed11
[152/2160] OK C109__S2_peak_dirty__A1_NoSeed__seed12
[153/2160] OK C109__S2_peak_dirty__A1_NoSeed__seed13
[154/2160] OK C109__S2_peak_dirty__A1_NoSeed__seed14
[155/2160] OK C109__S2_peak_dirty__A1_NoSeed__seed15
[156/2160] OK C109__S2_peak_dirty__A1_NoSeed__seed16
[157/2160] OK C109__S2_peak_dirty__A1_NoSeed__seed17
[158/2160] OK C109__S2_peak_dirty__A1_NoSeed__seed18
[159/2160] OK C109__S2_peak_dirty__A1_NoSeed__seed19
[160/2160] OK C109__S2_peak_dirty__A1_NoSeed__seed20
[161/2160] OK C109__S3_mixed_fleet_arc__A1_NoSeed__seed01
[162/2160] OK C109__S3_mixed_fleet_arc__A1_NoSeed__seed02
[163/2160] OK C109__S3_mixed_fleet_arc__A1_NoSeed__seed03
[164/2160] OK C109__S3_mixed_fleet_arc__A1_NoSeed__seed04
[165/2160] OK C109__S3_mixed_fleet_arc__A1_NoSeed__seed05
[166/2160] OK C109__S3_mixed_fleet_arc__A1_NoSeed__seed06
[167/2160] OK C109__S3_mixed_fleet_arc__A1_NoSeed__seed07
[168/2160] OK C109__S3_mixed_fleet_arc__A1_NoSeed__seed08
[169/2160] OK C109__S3_mixed_fleet_arc__A1_NoSeed__seed09
[170/2160] OK C109__S3_mixed_fleet_arc__A1_NoSeed__seed10
[171/2160] OK C109__S3_mixed_fleet_arc__A1_NoSeed__seed11
[172/2160] OK C109__S3_mixed_fleet_arc__A1_NoSeed__seed12
[173/2160] OK C109__S3_mixed_fleet_arc__A1_NoSeed__seed13
[174/2160] OK C109__S3_mixed_fleet_arc__A1_NoSeed__seed14
[175/2160] OK C109__S3_mixed_fleet_arc__A1_NoSeed__seed15
[176/2160] OK C109__S3_mixed_fleet_arc__A1_NoSeed__seed16
[177/2160] OK C109__S3_mixed_fleet_arc__A1_NoSeed__seed17
[178/2160] OK C109__S3_mixed_fleet_arc__A1_NoSeed__seed18
[179/2160] OK C109__S3_mixed_fleet_arc__A1_NoSeed__seed19
[180/2160] OK C109__S3_mixed_fleet_arc__A1_NoSeed__seed20
[181/2160] OK R101__S1_balanced__A1_NoSeed__seed01
[182/2160] OK R101__S1_balanced__A1_NoSeed__seed02
[183/2160] OK R101__S1_balanced__A1_NoSeed__seed03
[184/2160] OK R101__S1_balanced__A1_NoSeed__seed04
[185/2160] OK R101__S1_balanced__A1_NoSeed__seed05
[186/2160] OK R101__S1_balanced__A1_NoSeed__seed06
[187/2160] OK R101__S1_balanced__A1_NoSeed__seed07
[188/2160] OK R101__S1_balanced__A1_NoSeed__seed08
[189/2160] OK R101__S1_balanced__A1_NoSeed__seed09
[190/2160] OK R101__S1_balanced__A1_NoSeed__seed10
[191/2160] OK R101__S1_balanced__A1_NoSeed__seed11
[192/2160] OK R101__S1_balanced__A1_NoSeed__seed12
[193/2160] OK R101__S1_balanced__A1_NoSeed__seed13
[194/2160] OK R101__S1_balanced__A1_NoSeed__seed14
[195/2160] OK R101__S1_balanced__A1_NoSeed__seed15
[196/2160] OK R101__S1_balanced__A1_NoSeed__seed16
[197/2160] OK R101__S1_balanced__A1_NoSeed__seed17
[198/2160] OK R101__S1_balanced__A1_NoSeed__seed18
[199/2160] OK R101__S1_balanced__A1_NoSeed__seed19
[200/2160] OK R101__S1_balanced__A1_NoSeed__seed20
[201/2160] OK R101__S2_peak_dirty__A1_NoSeed__seed01
[202/2160] OK R101__S2_peak_dirty__A1_NoSeed__seed02
[203/2160] OK R101__S2_peak_dirty__A1_NoSeed__seed03
[204/2160] OK R101__S2_peak_dirty__A1_NoSeed__seed04
[205/2160] OK R101__S2_peak_dirty__A1_NoSeed__seed05
[206/2160] OK R101__S2_peak_dirty__A1_NoSeed__seed06
[207/2160] OK R101__S2_peak_dirty__A1_NoSeed__seed07
[208/2160] OK R101__S2_peak_dirty__A1_NoSeed__seed08
[209/2160] OK R101__S2_peak_dirty__A1_NoSeed__seed09
[210/2160] OK R101__S2_peak_dirty__A1_NoSeed__seed10
[211/2160] OK R101__S2_peak_dirty__A1_NoSeed__seed11
[212/2160] OK R101__S2_peak_dirty__A1_NoSeed__seed12
[213/2160] OK R101__S2_peak_dirty__A1_NoSeed__seed13
[214/2160] OK R101__S2_peak_dirty__A1_NoSeed__seed14
[215/2160] OK R101__S2_peak_dirty__A1_NoSeed__seed15
[216/2160] OK R101__S2_peak_dirty__A1_NoSeed__seed16
[217/2160] OK R101__S2_peak_dirty__A1_NoSeed__seed17
[218/2160] OK R101__S2_peak_dirty__A1_NoSeed__seed18
[219/2160] OK R101__S2_peak_dirty__A1_NoSeed__seed19
[220/2160] OK R101__S2_peak_dirty__A1_NoSeed__seed20
[221/2160] OK R101__S3_mixed_fleet_arc__A1_NoSeed__seed01
[222/2160] OK R101__S3_mixed_fleet_arc__A1_NoSeed__seed02
[223/2160] OK R101__S3_mixed_fleet_arc__A1_NoSeed__seed03
[224/2160] OK R101__S3_mixed_fleet_arc__A1_NoSeed__seed04
[225/2160] OK R101__S3_mixed_fleet_arc__A1_NoSeed__seed05
[226/2160] OK R101__S3_mixed_fleet_arc__A1_NoSeed__seed06
[227/2160] OK R101__S3_mixed_fleet_arc__A1_NoSeed__seed07
[228/2160] OK R101__S3_mixed_fleet_arc__A1_NoSeed__seed08
[229/2160] OK R101__S3_mixed_fleet_arc__A1_NoSeed__seed09
[230/2160] OK R101__S3_mixed_fleet_arc__A1_NoSeed__seed10
[231/2160] OK R101__S3_mixed_fleet_arc__A1_NoSeed__seed11
[232/2160] OK R101__S3_mixed_fleet_arc__A1_NoSeed__seed12
[233/2160] OK R101__S3_mixed_fleet_arc__A1_NoSeed__seed13
[234/2160] OK R101__S3_mixed_fleet_arc__A1_NoSeed__seed14
[235/2160] OK R101__S3_mixed_fleet_arc__A1_NoSeed__seed15
[236/2160] OK R101__S3_mixed_fleet_arc__A1_NoSeed__seed16
[237/2160] OK R101__S3_mixed_fleet_arc__A1_NoSeed__seed17
[238/2160] OK R101__S3_mixed_fleet_arc__A1_NoSeed__seed18
[239/2160] OK R101__S3_mixed_fleet_arc__A1_NoSeed__seed19
[240/2160] OK R101__S3_mixed_fleet_arc__A1_NoSeed__seed20
[241/2160] OK R104__S1_balanced__A1_NoSeed__seed01
[242/2160] OK R104__S1_balanced__A1_NoSeed__seed02
[243/2160] OK R104__S1_balanced__A1_NoSeed__seed03
[244/2160] OK R104__S1_balanced__A1_NoSeed__seed04
[245/2160] OK R104__S1_balanced__A1_NoSeed__seed05
[246/2160] OK R104__S1_balanced__A1_NoSeed__seed06
[247/2160] OK R104__S1_balanced__A1_NoSeed__seed07
[248/2160] OK R104__S1_balanced__A1_NoSeed__seed08
[249/2160] OK R104__S1_balanced__A1_NoSeed__seed09
[250/2160] OK R104__S1_balanced__A1_NoSeed__seed10
[251/2160] OK R104__S1_balanced__A1_NoSeed__seed11
[252/2160] OK R104__S1_balanced__A1_NoSeed__seed12
[253/2160] OK R104__S1_balanced__A1_NoSeed__seed13
[254/2160] OK R104__S1_balanced__A1_NoSeed__seed14
[255/2160] OK R104__S1_balanced__A1_NoSeed__seed15
[256/2160] OK R104__S1_balanced__A1_NoSeed__seed16
[257/2160] OK R104__S1_balanced__A1_NoSeed__seed17
[258/2160] OK R104__S1_balanced__A1_NoSeed__seed18
[259/2160] OK R104__S1_balanced__A1_NoSeed__seed19
[260/2160] OK R104__S1_balanced__A1_NoSeed__seed20
[261/2160] OK R104__S2_peak_dirty__A1_NoSeed__seed01
[262/2160] OK R104__S2_peak_dirty__A1_NoSeed__seed02
[263/2160] OK R104__S2_peak_dirty__A1_NoSeed__seed03
[264/2160] OK R104__S2_peak_dirty__A1_NoSeed__seed04
[265/2160] OK R104__S2_peak_dirty__A1_NoSeed__seed05
[266/2160] OK R104__S2_peak_dirty__A1_NoSeed__seed06
[267/2160] OK R104__S2_peak_dirty__A1_NoSeed__seed07
[268/2160] OK R104__S2_peak_dirty__A1_NoSeed__seed08
[269/2160] OK R104__S2_peak_dirty__A1_NoSeed__seed09
[270/2160] OK R104__S2_peak_dirty__A1_NoSeed__seed10
[271/2160] OK R104__S2_peak_dirty__A1_NoSeed__seed11
[272/2160] OK R104__S2_peak_dirty__A1_NoSeed__seed12
[273/2160] OK R104__S2_peak_dirty__A1_NoSeed__seed13
[274/2160] OK R104__S2_peak_dirty__A1_NoSeed__seed14
[275/2160] OK R104__S2_peak_dirty__A1_NoSeed__seed15
[276/2160] OK R104__S2_peak_dirty__A1_NoSeed__seed16
[277/2160] OK R104__S2_peak_dirty__A1_NoSeed__seed17
[278/2160] OK R104__S2_peak_dirty__A1_NoSeed__seed18
[279/2160] OK R104__S2_peak_dirty__A1_NoSeed__seed19
[280/2160] OK R104__S2_peak_dirty__A1_NoSeed__seed20
[281/2160] OK R104__S3_mixed_fleet_arc__A1_NoSeed__seed01
[282/2160] OK R104__S3_mixed_fleet_arc__A1_NoSeed__seed02
[283/2160] OK R104__S3_mixed_fleet_arc__A1_NoSeed__seed03
[284/2160] OK R104__S3_mixed_fleet_arc__A1_NoSeed__seed04
[285/2160] OK R104__S3_mixed_fleet_arc__A1_NoSeed__seed05
[286/2160] OK R104__S3_mixed_fleet_arc__A1_NoSeed__seed06
[287/2160] OK R104__S3_mixed_fleet_arc__A1_NoSeed__seed07
[288/2160] OK R104__S3_mixed_fleet_arc__A1_NoSeed__seed08
[289/2160] OK R104__S3_mixed_fleet_arc__A1_NoSeed__seed09
[290/2160] OK R104__S3_mixed_fleet_arc__A1_NoSeed__seed10
[291/2160] OK R104__S3_mixed_fleet_arc__A1_NoSeed__seed11
[292/2160] OK R104__S3_mixed_fleet_arc__A1_NoSeed__seed12
[293/2160] OK R104__S3_mixed_fleet_arc__A1_NoSeed__seed13
[294/2160] OK R104__S3_mixed_fleet_arc__A1_NoSeed__seed14
[295/2160] OK R104__S3_mixed_fleet_arc__A1_NoSeed__seed15
[296/2160] OK R104__S3_mixed_fleet_arc__A1_NoSeed__seed16
[297/2160] OK R104__S3_mixed_fleet_arc__A1_NoSeed__seed17
[298/2160] OK R104__S3_mixed_fleet_arc__A1_NoSeed__seed18
[299/2160] OK R104__S3_mixed_fleet_arc__A1_NoSeed__seed19
[300/2160] OK R104__S3_mixed_fleet_arc__A1_NoSeed__seed20
[301/2160] OK R109__S1_balanced__A1_NoSeed__seed01
[302/2160] OK R109__S1_balanced__A1_NoSeed__seed02
[303/2160] OK R109__S1_balanced__A1_NoSeed__seed03
[304/2160] OK R109__S1_balanced__A1_NoSeed__seed04
[305/2160] OK R109__S1_balanced__A1_NoSeed__seed05
[306/2160] OK R109__S1_balanced__A1_NoSeed__seed06
[307/2160] OK R109__S1_balanced__A1_NoSeed__seed07
[308/2160] OK R109__S1_balanced__A1_NoSeed__seed08
[309/2160] OK R109__S1_balanced__A1_NoSeed__seed09
[310/2160] OK R109__S1_balanced__A1_NoSeed__seed10
[311/2160] OK R109__S1_balanced__A1_NoSeed__seed11
[312/2160] OK R109__S1_balanced__A1_NoSeed__seed12
[313/2160] OK R109__S1_balanced__A1_NoSeed__seed13
[314/2160] OK R109__S1_balanced__A1_NoSeed__seed14
[315/2160] OK R109__S1_balanced__A1_NoSeed__seed15
[316/2160] OK R109__S1_balanced__A1_NoSeed__seed16
[317/2160] OK R109__S1_balanced__A1_NoSeed__seed17
[318/2160] OK R109__S1_balanced__A1_NoSeed__seed18
[319/2160] OK R109__S1_balanced__A1_NoSeed__seed19
[320/2160] OK R109__S1_balanced__A1_NoSeed__seed20
[321/2160] OK R109__S2_peak_dirty__A1_NoSeed__seed01
[322/2160] OK R109__S2_peak_dirty__A1_NoSeed__seed02
[323/2160] OK R109__S2_peak_dirty__A1_NoSeed__seed03
[324/2160] OK R109__S2_peak_dirty__A1_NoSeed__seed04
[325/2160] OK R109__S2_peak_dirty__A1_NoSeed__seed05
[326/2160] OK R109__S2_peak_dirty__A1_NoSeed__seed06
[327/2160] OK R109__S2_peak_dirty__A1_NoSeed__seed07
[328/2160] OK R109__S2_peak_dirty__A1_NoSeed__seed08
[329/2160] OK R109__S2_peak_dirty__A1_NoSeed__seed09
[330/2160] OK R109__S2_peak_dirty__A1_NoSeed__seed10
[331/2160] OK R109__S2_peak_dirty__A1_NoSeed__seed11
[332/2160] OK R109__S2_peak_dirty__A1_NoSeed__seed12
[333/2160] OK R109__S2_peak_dirty__A1_NoSeed__seed13
[334/2160] OK R109__S2_peak_dirty__A1_NoSeed__seed14
[335/2160] OK R109__S2_peak_dirty__A1_NoSeed__seed15
[336/2160] OK R109__S2_peak_dirty__A1_NoSeed__seed16
[337/2160] OK R109__S2_peak_dirty__A1_NoSeed__seed17
[338/2160] OK R109__S2_peak_dirty__A1_NoSeed__seed18
[339/2160] OK R109__S2_peak_dirty__A1_NoSeed__seed19
[340/2160] OK R109__S2_peak_dirty__A1_NoSeed__seed20
[341/2160] OK R109__S3_mixed_fleet_arc__A1_NoSeed__seed01
[342/2160] OK R109__S3_mixed_fleet_arc__A1_NoSeed__seed02
[343/2160] OK R109__S3_mixed_fleet_arc__A1_NoSeed__seed03
[344/2160] OK R109__S3_mixed_fleet_arc__A1_NoSeed__seed04
[345/2160] OK R109__S3_mixed_fleet_arc__A1_NoSeed__seed05
[346/2160] OK R109__S3_mixed_fleet_arc__A1_NoSeed__seed06
[347/2160] OK R109__S3_mixed_fleet_arc__A1_NoSeed__seed07
[348/2160] OK R109__S3_mixed_fleet_arc__A1_NoSeed__seed08
[349/2160] OK R109__S3_mixed_fleet_arc__A1_NoSeed__seed09
[350/2160] OK R109__S3_mixed_fleet_arc__A1_NoSeed__seed10
[351/2160] OK R109__S3_mixed_fleet_arc__A1_NoSeed__seed11
[352/2160] OK R109__S3_mixed_fleet_arc__A1_NoSeed__seed12
[353/2160] OK R109__S3_mixed_fleet_arc__A1_NoSeed__seed13
[354/2160] OK R109__S3_mixed_fleet_arc__A1_NoSeed__seed14
[355/2160] OK R109__S3_mixed_fleet_arc__A1_NoSeed__seed15
[356/2160] OK R109__S3_mixed_fleet_arc__A1_NoSeed__seed16
[357/2160] OK R109__S3_mixed_fleet_arc__A1_NoSeed__seed17
[358/2160] OK R109__S3_mixed_fleet_arc__A1_NoSeed__seed18
[359/2160] OK R109__S3_mixed_fleet_arc__A1_NoSeed__seed19
[360/2160] OK R109__S3_mixed_fleet_arc__A1_NoSeed__seed20
[361/2160] OK RC101__S1_balanced__A1_NoSeed__seed01
[362/2160] OK RC101__S1_balanced__A1_NoSeed__seed02
[363/2160] OK RC101__S1_balanced__A1_NoSeed__seed03
[364/2160] OK RC101__S1_balanced__A1_NoSeed__seed04
[365/2160] OK RC101__S1_balanced__A1_NoSeed__seed05
[366/2160] OK RC101__S1_balanced__A1_NoSeed__seed06
[367/2160] OK RC101__S1_balanced__A1_NoSeed__seed07
[368/2160] OK RC101__S1_balanced__A1_NoSeed__seed08
[369/2160] OK RC101__S1_balanced__A1_NoSeed__seed09
[370/2160] OK RC101__S1_balanced__A1_NoSeed__seed10
[371/2160] OK RC101__S1_balanced__A1_NoSeed__seed11
[372/2160] OK RC101__S1_balanced__A1_NoSeed__seed12
[373/2160] OK RC101__S1_balanced__A1_NoSeed__seed13
[374/2160] OK RC101__S1_balanced__A1_NoSeed__seed14
[375/2160] OK RC101__S1_balanced__A1_NoSeed__seed15
[376/2160] OK RC101__S1_balanced__A1_NoSeed__seed16
[377/2160] OK RC101__S1_balanced__A1_NoSeed__seed17
[378/2160] OK RC101__S1_balanced__A1_NoSeed__seed18
[379/2160] OK RC101__S1_balanced__A1_NoSeed__seed19
[380/2160] OK RC101__S1_balanced__A1_NoSeed__seed20
[381/2160] OK RC101__S2_peak_dirty__A1_NoSeed__seed01
[382/2160] OK RC101__S2_peak_dirty__A1_NoSeed__seed02
[383/2160] OK RC101__S2_peak_dirty__A1_NoSeed__seed03
[384/2160] OK RC101__S2_peak_dirty__A1_NoSeed__seed04
[385/2160] OK RC101__S2_peak_dirty__A1_NoSeed__seed05
[386/2160] OK RC101__S2_peak_dirty__A1_NoSeed__seed06
[387/2160] OK RC101__S2_peak_dirty__A1_NoSeed__seed07
[388/2160] OK RC101__S2_peak_dirty__A1_NoSeed__seed08
[389/2160] OK RC101__S2_peak_dirty__A1_NoSeed__seed09
[390/2160] OK RC101__S2_peak_dirty__A1_NoSeed__seed10
[391/2160] OK RC101__S2_peak_dirty__A1_NoSeed__seed11
[392/2160] OK RC101__S2_peak_dirty__A1_NoSeed__seed12
[393/2160] OK RC101__S2_peak_dirty__A1_NoSeed__seed13
[394/2160] OK RC101__S2_peak_dirty__A1_NoSeed__seed14
[395/2160] OK RC101__S2_peak_dirty__A1_NoSeed__seed15
[396/2160] OK RC101__S2_peak_dirty__A1_NoSeed__seed16
[397/2160] OK RC101__S2_peak_dirty__A1_NoSeed__seed17
[398/2160] OK RC101__S2_peak_dirty__A1_NoSeed__seed18
[399/2160] OK RC101__S2_peak_dirty__A1_NoSeed__seed19
[400/2160] OK RC101__S2_peak_dirty__A1_NoSeed__seed20
[401/2160] OK RC101__S3_mixed_fleet_arc__A1_NoSeed__seed01
[402/2160] OK RC101__S3_mixed_fleet_arc__A1_NoSeed__seed02
[403/2160] OK RC101__S3_mixed_fleet_arc__A1_NoSeed__seed03
[404/2160] OK RC101__S3_mixed_fleet_arc__A1_NoSeed__seed04
[405/2160] OK RC101__S3_mixed_fleet_arc__A1_NoSeed__seed05
[406/2160] OK RC101__S3_mixed_fleet_arc__A1_NoSeed__seed06
[407/2160] OK RC101__S3_mixed_fleet_arc__A1_NoSeed__seed07
[408/2160] OK RC101__S3_mixed_fleet_arc__A1_NoSeed__seed08
[409/2160] OK RC101__S3_mixed_fleet_arc__A1_NoSeed__seed09
[410/2160] OK RC101__S3_mixed_fleet_arc__A1_NoSeed__seed10
[411/2160] OK RC101__S3_mixed_fleet_arc__A1_NoSeed__seed11
[412/2160] OK RC101__S3_mixed_fleet_arc__A1_NoSeed__seed12
[413/2160] OK RC101__S3_mixed_fleet_arc__A1_NoSeed__seed13
[414/2160] OK RC101__S3_mixed_fleet_arc__A1_NoSeed__seed14
[415/2160] OK RC101__S3_mixed_fleet_arc__A1_NoSeed__seed15
[416/2160] OK RC101__S3_mixed_fleet_arc__A1_NoSeed__seed16
[417/2160] OK RC101__S3_mixed_fleet_arc__A1_NoSeed__seed17
[418/2160] OK RC101__S3_mixed_fleet_arc__A1_NoSeed__seed18
[419/2160] OK RC101__S3_mixed_fleet_arc__A1_NoSeed__seed19
[420/2160] OK RC101__S3_mixed_fleet_arc__A1_NoSeed__seed20
[421/2160] OK RC104__S1_balanced__A1_NoSeed__seed01
[422/2160] OK RC104__S1_balanced__A1_NoSeed__seed02
[423/2160] OK RC104__S1_balanced__A1_NoSeed__seed03
[424/2160] OK RC104__S1_balanced__A1_NoSeed__seed04
[425/2160] OK RC104__S1_balanced__A1_NoSeed__seed05
[426/2160] OK RC104__S1_balanced__A1_NoSeed__seed06
[427/2160] OK RC104__S1_balanced__A1_NoSeed__seed07
[428/2160] OK RC104__S1_balanced__A1_NoSeed__seed08
[429/2160] OK RC104__S1_balanced__A1_NoSeed__seed09
[430/2160] OK RC104__S1_balanced__A1_NoSeed__seed10
[431/2160] OK RC104__S1_balanced__A1_NoSeed__seed11
[432/2160] OK RC104__S1_balanced__A1_NoSeed__seed12
[433/2160] OK RC104__S1_balanced__A1_NoSeed__seed13
[434/2160] OK RC104__S1_balanced__A1_NoSeed__seed14
[435/2160] OK RC104__S1_balanced__A1_NoSeed__seed15
[436/2160] OK RC104__S1_balanced__A1_NoSeed__seed16
[437/2160] OK RC104__S1_balanced__A1_NoSeed__seed17
[438/2160] OK RC104__S1_balanced__A1_NoSeed__seed18
[439/2160] OK RC104__S1_balanced__A1_NoSeed__seed19
[440/2160] OK RC104__S1_balanced__A1_NoSeed__seed20
[441/2160] OK RC104__S2_peak_dirty__A1_NoSeed__seed01
[442/2160] OK RC104__S2_peak_dirty__A1_NoSeed__seed02
[443/2160] OK RC104__S2_peak_dirty__A1_NoSeed__seed03
[444/2160] OK RC104__S2_peak_dirty__A1_NoSeed__seed04
[445/2160] OK RC104__S2_peak_dirty__A1_NoSeed__seed05
[446/2160] OK RC104__S2_peak_dirty__A1_NoSeed__seed06
[447/2160] OK RC104__S2_peak_dirty__A1_NoSeed__seed07
[448/2160] OK RC104__S2_peak_dirty__A1_NoSeed__seed08
[449/2160] OK RC104__S2_peak_dirty__A1_NoSeed__seed09
[450/2160] OK RC104__S2_peak_dirty__A1_NoSeed__seed10
[451/2160] OK RC104__S2_peak_dirty__A1_NoSeed__seed11
[452/2160] OK RC104__S2_peak_dirty__A1_NoSeed__seed12
[453/2160] OK RC104__S2_peak_dirty__A1_NoSeed__seed13
[454/2160] OK RC104__S2_peak_dirty__A1_NoSeed__seed14
[455/2160] OK RC104__S2_peak_dirty__A1_NoSeed__seed15
[456/2160] OK RC104__S2_peak_dirty__A1_NoSeed__seed16
[457/2160] OK RC104__S2_peak_dirty__A1_NoSeed__seed17
[458/2160] OK RC104__S2_peak_dirty__A1_NoSeed__seed18
[459/2160] OK RC104__S2_peak_dirty__A1_NoSeed__seed19
[460/2160] OK RC104__S2_peak_dirty__A1_NoSeed__seed20
[461/2160] OK RC104__S3_mixed_fleet_arc__A1_NoSeed__seed01
[462/2160] OK RC104__S3_mixed_fleet_arc__A1_NoSeed__seed02
[463/2160] OK RC104__S3_mixed_fleet_arc__A1_NoSeed__seed03
[464/2160] OK RC104__S3_mixed_fleet_arc__A1_NoSeed__seed04
[465/2160] OK RC104__S3_mixed_fleet_arc__A1_NoSeed__seed05
[466/2160] OK RC104__S3_mixed_fleet_arc__A1_NoSeed__seed06
[467/2160] OK RC104__S3_mixed_fleet_arc__A1_NoSeed__seed07
[468/2160] OK RC104__S3_mixed_fleet_arc__A1_NoSeed__seed08
[469/2160] OK RC104__S3_mixed_fleet_arc__A1_NoSeed__seed09
[470/2160] OK RC104__S3_mixed_fleet_arc__A1_NoSeed__seed10
[471/2160] OK RC104__S3_mixed_fleet_arc__A1_NoSeed__seed11
[472/2160] OK RC104__S3_mixed_fleet_arc__A1_NoSeed__seed12
[473/2160] OK RC104__S3_mixed_fleet_arc__A1_NoSeed__seed13
[474/2160] OK RC104__S3_mixed_fleet_arc__A1_NoSeed__seed14
[475/2160] OK RC104__S3_mixed_fleet_arc__A1_NoSeed__seed15
[476/2160] OK RC104__S3_mixed_fleet_arc__A1_NoSeed__seed16
[477/2160] OK RC104__S3_mixed_fleet_arc__A1_NoSeed__seed17
[478/2160] OK RC104__S3_mixed_fleet_arc__A1_NoSeed__seed18
[479/2160] OK RC104__S3_mixed_fleet_arc__A1_NoSeed__seed19
[480/2160] OK RC104__S3_mixed_fleet_arc__A1_NoSeed__seed20
[481/2160] OK RC108__S1_balanced__A1_NoSeed__seed01
[482/2160] OK RC108__S1_balanced__A1_NoSeed__seed02
[483/2160] OK RC108__S1_balanced__A1_NoSeed__seed03
[484/2160] OK RC108__S1_balanced__A1_NoSeed__seed04
[485/2160] OK RC108__S1_balanced__A1_NoSeed__seed05
[486/2160] OK RC108__S1_balanced__A1_NoSeed__seed06
[487/2160] OK RC108__S1_balanced__A1_NoSeed__seed07
[488/2160] OK RC108__S1_balanced__A1_NoSeed__seed08
[489/2160] OK RC108__S1_balanced__A1_NoSeed__seed09
[490/2160] OK RC108__S1_balanced__A1_NoSeed__seed10
[491/2160] OK RC108__S1_balanced__A1_NoSeed__seed11
[492/2160] OK RC108__S1_balanced__A1_NoSeed__seed12
[493/2160] OK RC108__S1_balanced__A1_NoSeed__seed13
[494/2160] OK RC108__S1_balanced__A1_NoSeed__seed14
[495/2160] OK RC108__S1_balanced__A1_NoSeed__seed15
[496/2160] OK RC108__S1_balanced__A1_NoSeed__seed16
[497/2160] OK RC108__S1_balanced__A1_NoSeed__seed17
[498/2160] OK RC108__S1_balanced__A1_NoSeed__seed18
[499/2160] OK RC108__S1_balanced__A1_NoSeed__seed19
[500/2160] OK RC108__S1_balanced__A1_NoSeed__seed20
[501/2160] OK RC108__S2_peak_dirty__A1_NoSeed__seed01
[502/2160] OK RC108__S2_peak_dirty__A1_NoSeed__seed02
[503/2160] OK RC108__S2_peak_dirty__A1_NoSeed__seed03
[504/2160] OK RC108__S2_peak_dirty__A1_NoSeed__seed04
[505/2160] OK RC108__S2_peak_dirty__A1_NoSeed__seed05
[506/2160] OK RC108__S2_peak_dirty__A1_NoSeed__seed06
[507/2160] OK RC108__S2_peak_dirty__A1_NoSeed__seed07
[508/2160] OK RC108__S2_peak_dirty__A1_NoSeed__seed08
[509/2160] OK RC108__S2_peak_dirty__A1_NoSeed__seed09
[510/2160] OK RC108__S2_peak_dirty__A1_NoSeed__seed10
[511/2160] OK RC108__S2_peak_dirty__A1_NoSeed__seed11
[512/2160] OK RC108__S2_peak_dirty__A1_NoSeed__seed12
[513/2160] OK RC108__S2_peak_dirty__A1_NoSeed__seed13
[514/2160] OK RC108__S2_peak_dirty__A1_NoSeed__seed14
[515/2160] OK RC108__S2_peak_dirty__A1_NoSeed__seed15
[516/2160] OK RC108__S2_peak_dirty__A1_NoSeed__seed16
[517/2160] OK RC108__S2_peak_dirty__A1_NoSeed__seed17
[518/2160] OK RC108__S2_peak_dirty__A1_NoSeed__seed18
[519/2160] OK RC108__S2_peak_dirty__A1_NoSeed__seed19
[520/2160] OK RC108__S2_peak_dirty__A1_NoSeed__seed20
[521/2160] OK RC108__S3_mixed_fleet_arc__A1_NoSeed__seed01
[522/2160] OK RC108__S3_mixed_fleet_arc__A1_NoSeed__seed02
[523/2160] OK RC108__S3_mixed_fleet_arc__A1_NoSeed__seed03
[524/2160] OK RC108__S3_mixed_fleet_arc__A1_NoSeed__seed04
[525/2160] OK RC108__S3_mixed_fleet_arc__A1_NoSeed__seed05
[526/2160] OK RC108__S3_mixed_fleet_arc__A1_NoSeed__seed06
[527/2160] OK RC108__S3_mixed_fleet_arc__A1_NoSeed__seed07
[528/2160] OK RC108__S3_mixed_fleet_arc__A1_NoSeed__seed08
[529/2160] OK RC108__S3_mixed_fleet_arc__A1_NoSeed__seed09
[530/2160] OK RC108__S3_mixed_fleet_arc__A1_NoSeed__seed10
[531/2160] OK RC108__S3_mixed_fleet_arc__A1_NoSeed__seed11
[532/2160] OK RC108__S3_mixed_fleet_arc__A1_NoSeed__seed12
[533/2160] OK RC108__S3_mixed_fleet_arc__A1_NoSeed__seed13
[534/2160] OK RC108__S3_mixed_fleet_arc__A1_NoSeed__seed14
[535/2160] OK RC108__S3_mixed_fleet_arc__A1_NoSeed__seed15
[536/2160] OK RC108__S3_mixed_fleet_arc__A1_NoSeed__seed16
[537/2160] OK RC108__S3_mixed_fleet_arc__A1_NoSeed__seed17
[538/2160] OK RC108__S3_mixed_fleet_arc__A1_NoSeed__seed18
[539/2160] OK RC108__S3_mixed_fleet_arc__A1_NoSeed__seed19
[540/2160] OK RC108__S3_mixed_fleet_arc__A1_NoSeed__seed20
[541/2160] OK C201__S1_balanced__A1_NoSeed__seed01
[542/2160] OK C201__S1_balanced__A1_NoSeed__seed02
[543/2160] OK C201__S1_balanced__A1_NoSeed__seed03
[544/2160] OK C201__S1_balanced__A1_NoSeed__seed04
[545/2160] OK C201__S1_balanced__A1_NoSeed__seed05
[546/2160] OK C201__S1_balanced__A1_NoSeed__seed06
[547/2160] OK C201__S1_balanced__A1_NoSeed__seed07
[548/2160] OK C201__S1_balanced__A1_NoSeed__seed08
[549/2160] OK C201__S1_balanced__A1_NoSeed__seed09
[550/2160] OK C201__S1_balanced__A1_NoSeed__seed10
[551/2160] OK C201__S1_balanced__A1_NoSeed__seed11
[552/2160] OK C201__S1_balanced__A1_NoSeed__seed12
[553/2160] OK C201__S1_balanced__A1_NoSeed__seed13
[554/2160] OK C201__S1_balanced__A1_NoSeed__seed14
[555/2160] OK C201__S1_balanced__A1_NoSeed__seed15
[556/2160] OK C201__S1_balanced__A1_NoSeed__seed16
[557/2160] OK C201__S1_balanced__A1_NoSeed__seed17
[558/2160] OK C201__S1_balanced__A1_NoSeed__seed18
[559/2160] OK C201__S1_balanced__A1_NoSeed__seed19
[560/2160] OK C201__S1_balanced__A1_NoSeed__seed20
[561/2160] OK C201__S2_peak_dirty__A1_NoSeed__seed01
[562/2160] OK C201__S2_peak_dirty__A1_NoSeed__seed02
[563/2160] OK C201__S2_peak_dirty__A1_NoSeed__seed03
[564/2160] OK C201__S2_peak_dirty__A1_NoSeed__seed04
[565/2160] OK C201__S2_peak_dirty__A1_NoSeed__seed05
[566/2160] OK C201__S2_peak_dirty__A1_NoSeed__seed06
[567/2160] OK C201__S2_peak_dirty__A1_NoSeed__seed07
[568/2160] OK C201__S2_peak_dirty__A1_NoSeed__seed08
[569/2160] OK C201__S2_peak_dirty__A1_NoSeed__seed09
[570/2160] OK C201__S2_peak_dirty__A1_NoSeed__seed10
